Component: ARM Compiler 5.06 update 7 (build 960) Tool: armlink [4d3601]

==============================================================================

Section Cross References

    startup_stm32f10x_md.o(RESET) refers to startup_stm32f10x_md.o(STACK) for __initial_sp
    startup_stm32f10x_md.o(RESET) refers to startup_stm32f10x_md.o(.text) for Reset_Handler
    startup_stm32f10x_md.o(RESET) refers to stm32f10x_it.o(i.NMI_Handler) for NMI_Handler
    startup_stm32f10x_md.o(RESET) refers to stm32f10x_it.o(i.HardFault_Handler) for HardFault_Handler
    startup_stm32f10x_md.o(RESET) refers to stm32f10x_it.o(i.MemManage_Handler) for MemManage_Handler
    startup_stm32f10x_md.o(RESET) refers to stm32f10x_it.o(i.BusFault_Handler) for BusFault_Handler
    startup_stm32f10x_md.o(RESET) refers to stm32f10x_it.o(i.UsageFault_Handler) for UsageFault_Handler
    startup_stm32f10x_md.o(RESET) refers to port.o(.emb_text) for SVC_Handler
    startup_stm32f10x_md.o(RESET) refers to stm32f10x_it.o(i.DebugMon_Handler) for DebugMon_Handler
    startup_stm32f10x_md.o(RESET) refers to port.o(i.SysTick_Handler) for SysTick_Handler
    startup_stm32f10x_md.o(RESET) refers to key.o(i.EXTI9_5_IRQHandler) for EXTI9_5_IRQHandler
    startup_stm32f10x_md.o(RESET) refers to led.o(i.TIM2_IRQHandler) for TIM2_IRQHandler
    startup_stm32f10x_md.o(RESET) refers to usart1.o(i.USART1_IRQHandler) for USART1_IRQHandler
    startup_stm32f10x_md.o(RESET) refers to usart2.o(i.USART2_IRQHandler) for USART2_IRQHandler
    startup_stm32f10x_md.o(RESET) refers to usart3.o(i.USART3_IRQHandler) for USART3_IRQHandler
    startup_stm32f10x_md.o(.text) refers to system_stm32f10x.o(i.SystemInit) for SystemInit
    startup_stm32f10x_md.o(.text) refers to entry.o(.ARM.Collect$$$$00000000) for __main
    system_stm32f10x.o(i.SetSysClock) refers to system_stm32f10x.o(i.SetSysClockTo72) for SetSysClockTo72
    system_stm32f10x.o(i.SystemCoreClockUpdate) refers to system_stm32f10x.o(.data) for SystemCoreClock
    system_stm32f10x.o(i.SystemInit) refers to system_stm32f10x.o(i.SetSysClock) for SetSysClock
    stm32f10x_adc.o(i.ADC_DeInit) refers to stm32f10x_rcc.o(i.RCC_APB2PeriphResetCmd) for RCC_APB2PeriphResetCmd
    stm32f10x_bkp.o(i.BKP_DeInit) refers to stm32f10x_rcc.o(i.RCC_BackupResetCmd) for RCC_BackupResetCmd
    stm32f10x_can.o(i.CAN_DeInit) refers to stm32f10x_rcc.o(i.RCC_APB1PeriphResetCmd) for RCC_APB1PeriphResetCmd
    stm32f10x_can.o(i.CAN_GetITStatus) refers to stm32f10x_can.o(i.CheckITStatus) for CheckITStatus
    stm32f10x_cec.o(i.CEC_DeInit) refers to stm32f10x_rcc.o(i.RCC_APB1PeriphResetCmd) for RCC_APB1PeriphResetCmd
    stm32f10x_dac.o(i.DAC_DeInit) refers to stm32f10x_rcc.o(i.RCC_APB1PeriphResetCmd) for RCC_APB1PeriphResetCmd
    stm32f10x_flash.o(i.FLASH_EnableWriteProtection) refers to stm32f10x_flash.o(i.FLASH_WaitForLastOperation) for FLASH_WaitForLastOperation
    stm32f10x_flash.o(i.FLASH_EraseAllBank1Pages) refers to stm32f10x_flash.o(i.FLASH_WaitForLastBank1Operation) for FLASH_WaitForLastBank1Operation
    stm32f10x_flash.o(i.FLASH_EraseAllPages) refers to stm32f10x_flash.o(i.FLASH_WaitForLastOperation) for FLASH_WaitForLastOperation
    stm32f10x_flash.o(i.FLASH_EraseOptionBytes) refers to stm32f10x_flash.o(i.FLASH_GetReadOutProtectionStatus) for FLASH_GetReadOutProtectionStatus
    stm32f10x_flash.o(i.FLASH_EraseOptionBytes) refers to stm32f10x_flash.o(i.FLASH_WaitForLastOperation) for FLASH_WaitForLastOperation
    stm32f10x_flash.o(i.FLASH_ErasePage) refers to stm32f10x_flash.o(i.FLASH_WaitForLastOperation) for FLASH_WaitForLastOperation
    stm32f10x_flash.o(i.FLASH_ProgramHalfWord) refers to stm32f10x_flash.o(i.FLASH_WaitForLastOperation) for FLASH_WaitForLastOperation
    stm32f10x_flash.o(i.FLASH_ProgramOptionByteData) refers to stm32f10x_flash.o(i.FLASH_WaitForLastOperation) for FLASH_WaitForLastOperation
    stm32f10x_flash.o(i.FLASH_ProgramWord) refers to stm32f10x_flash.o(i.FLASH_WaitForLastOperation) for FLASH_WaitForLastOperation
    stm32f10x_flash.o(i.FLASH_ReadOutProtection) refers to stm32f10x_flash.o(i.FLASH_WaitForLastOperation) for FLASH_WaitForLastOperation
    stm32f10x_flash.o(i.FLASH_UserOptionByteConfig) refers to stm32f10x_flash.o(i.FLASH_WaitForLastOperation) for FLASH_WaitForLastOperation
    stm32f10x_flash.o(i.FLASH_WaitForLastBank1Operation) refers to stm32f10x_flash.o(i.FLASH_GetBank1Status) for FLASH_GetBank1Status
    stm32f10x_flash.o(i.FLASH_WaitForLastOperation) refers to stm32f10x_flash.o(i.FLASH_GetBank1Status) for FLASH_GetBank1Status
    stm32f10x_gpio.o(i.GPIO_AFIODeInit) refers to stm32f10x_rcc.o(i.RCC_APB2PeriphResetCmd) for RCC_APB2PeriphResetCmd
    stm32f10x_gpio.o(i.GPIO_DeInit) refers to stm32f10x_rcc.o(i.RCC_APB2PeriphResetCmd) for RCC_APB2PeriphResetCmd
    stm32f10x_i2c.o(i.I2C_DeInit) refers to stm32f10x_rcc.o(i.RCC_APB1PeriphResetCmd) for RCC_APB1PeriphResetCmd
[...]
    i.USART_SendData                         0x08002bb2   Section        0  stm32f10x_usart.o(i.USART_SendData)
    i.UsageFault_Handler                     0x08002bba   Section        0  stm32f10x_it.o(i.UsageFault_Handler)
    i.W25Q64_CS_Disable                      0x08002bc0   Section        0  spi.o(i.W25Q64_CS_Disable)
    i.W25Q64_CS_Enable                       0x08002bd4   Section        0  spi.o(i.W25Q64_CS_Enable)
    i.W25Q64_Erase_Sector                    0x08002be8   Section        0  spi.o(i.W25Q64_Erase_Sector)
    i.W25Q64_Wait_Busy                       0x08002c24   Section        0  spi.o(i.W25Q64_Wait_Busy)
    i.W25Q64_Write                           0x08002c4a   Section        0  spi.o(i.W25Q64_Write)
    i.W25Q64_Write_String                    0x08002c8e   Section        0  spi.o(i.W25Q64_Write_String)
    i.__0sprintf                             0x08002cb8   Section        0  printfa.o(i.__0sprintf)
    i.__0vsprintf                            0x08002ce0   Section        0  printfa.o(i.__0vsprintf)
    i.__scatterload_copy                     0x08002d04   Section       14  handlers.o(i.__scatterload_copy)
    i.__scatterload_null                     0x08002d12   Section        2  handlers.o(i.__scatterload_null)
    i.__scatterload_zeroinit                 0x08002d14   Section       14  handlers.o(i.__scatterload_zeroinit)
    i._fp_digits                             0x08002d24   Section        0  printfa.o(i._fp_digits)
    _fp_digits                               0x08002d25   Thumb Code   366  printfa.o(i._fp_digits)
    i._printf_core                           0x08002ea8   Section        0  printfa.o(i._printf_core)
    _printf_core                             0x08002ea9   Thumb Code  1704  printfa.o(i._printf_core)
    i._printf_post_padding                   0x0800355c   Section        0  printfa.o(i._printf_post_padding)
    _printf_post_padding                     0x0800355d   Thumb Code    36  printfa.o(i._printf_post_padding)
    i._printf_pre_padding                    0x08003580   Section        0  printfa.o(i._printf_pre_padding)
    _printf_pre_padding                      0x08003581   Thumb Code    46  printfa.o(i._printf_pre_padding)
    i._sputc                                 0x080035ae   Section        0  printfa.o(i._sputc)
    _sputc                                   0x080035af   Thumb Code    10  printfa.o(i._sputc)
    i.changeFlashFor32                       0x080035b8   Section        0  flash.o(i.changeFlashFor32)
    i.control_task                           0x080035d0   Section        0  main.o(i.control_task)
    i.erasePage                              0x08003688   Section        0  flash.o(i.erasePage)
    i.esp01s_close                           0x0800369c   Section        0  esp01s_switch.o(i.esp01s_close)
    i.esp01s_open                            0x080037cc   Section        0  esp01s_switch.o(i.esp01s_open)
    i.local_task                             0x080038ec   Section        0  main.o(i.local_task)
    i.main                                   0x08003ac0   Section        0  main.o(i.main)
    i.prvAddCurrentTaskToDelayedList         0x08003c38   Section        0  tasks.o(i.prvAddCurrentTaskToDelayedList)
    prvAddCurrentTaskToDelayedList           0x08003c39   Thumb Code   174  tasks.o(i.prvAddCurrentTaskToDelayedList)
    i.prvAddNewTaskToReadyList               0x08003d04   Section        0  tasks.o(i.prvAddNewTaskToReadyList)
    prvAddNewTaskToReadyList                 0x08003d05   Thumb Code   218  tasks.o(i.prvAddNewTaskToReadyList)
    i.prvCheckTasksWaitingTermination        0x08003dfc   Section        0  tasks.o(i.prvCheckTasksWaitingTermination)
    prvCheckTasksWaitingTermination          0x08003dfd   Thumb Code    60  tasks.o(i.prvCheckTasksWaitingTermination)
    i.prvCopyDataFromQueue                   0x08003e44   Section        0  queue.o(i.prvCopyDataFromQueue)
    prvCopyDataFromQueue                     0x08003e45   Thumb Code    42  queue.o(i.prvCopyDataFromQueue)
    i.prvCopyDataToQueue                     0x08003e6e   Section        0  queue.o(i.prvCopyDataToQueue)
    prvCopyDataToQueue                       0x08003e6f   Thumb Code   106  queue.o(i.prvCopyDataToQueue)
    i.prvCreateIdleTasks                     0x08003ed8   Section        0  tasks.o(i.prvCreateIdleTasks)
    prvCreateIdleTasks                       0x08003ed9   Thumb Code    86  tasks.o(i.prvCreateIdleTasks)
    i.prvCreateTask                          0x08003f40   Section        0  tasks.o(i.prvCreateTask)
    prvCreateTask                            0x08003f41   Thumb Code    90  tasks.o(i.prvCreateTask)
    i.prvDeleteTCB                           0x08003f9a   Section        0  tasks.o(i.prvDeleteTCB)
    prvDeleteTCB                             0x08003f9b   Thumb Code    18  tasks.o(i.prvDeleteTCB)
    i.prvHeapInit                            0x08003fac   Section        0  heap_4.o(i.prvHeapInit)
    prvHeapInit                              0x08003fad   Thumb Code    88  heap_4.o(i.prvHeapInit)
    i.prvIdleTask                            0x08004018   Section        0  tasks.o(i.prvIdleTask)
    prvIdleTask                              0x08004019   Thumb Code    32  tasks.o(i.prvIdleTask)
    i.prvInitialiseNewQueue                  0x08004040   Section        0  queue.o(i.prvInitialiseNewQueue)
    prvInitialiseNewQueue                    0x08004041   Thumb Code    46  queue.o(i.prvInitialiseNewQueue)
    i.prvInitialiseNewTask                   0x0800406e   Section        0  tasks.o(i.prvInitialiseNewTask)
    prvInitialiseNewTask                     0x0800406f   Thumb Code   136  tasks.o(i.prvInitialiseNewTask)
    i.prvInitialiseTaskLists                 0x080040f8   Section        0  tasks.o(i.prvInitialiseTaskLists)
    prvInitialiseTaskLists                   0x080040f9   Thumb Code    70  tasks.o(i.prvInitialiseTaskLists)
    i.prvInsertBlockIntoFreeList             0x08004160   Section        0  heap_4.o(i.prvInsertBlockIntoFreeList)
    prvInsertBlockIntoFreeList               0x08004161   Thumb Code    96  heap_4.o(i.prvInsertBlockIntoFreeList)
    i.prvIsQueueEmpty                        0x080041c8   Section        0  queue.o(i.prvIsQueueEmpty)
    prvIsQueueEmpty                          0x080041c9   Thumb Code    26  queue.o(i.prvIsQueueEmpty)
    i.prvIsQueueFull                         0x080041e2   Section        0  queue.o(i.prvIsQueueFull)
    prvIsQueueFull                           0x080041e3   Thumb Code    30  queue.o(i.prvIsQueueFull)
    i.prvNotifyQueueSetContainer             0x08004200   Section        0  queue.o(i.prvNotifyQueueSetContainer)
    prvNotifyQueueSetContainer               0x08004201   Thumb Code    90  queue.o(i.prvNotifyQueueSetContainer)
    i.prvResetNextTaskUnblockTime            0x0800425c   Section        0  tasks.o(i.prvResetNextTaskUnblockTime)
    prvResetNextTaskUnblockTime              0x0800425d   Thumb Code    40  tasks.o(i.prvResetNextTaskUnblockTime)
    i.prvTaskExitError                       0x0800428c   Section        0  port.o(i.prvTaskExitError)
    prvTaskExitError                         0x0800428d   Thumb Code    22  port.o(i.prvTaskExitError)
    i.prvTaskIsTaskSuspended                 0x080042a4   Section        0  tasks.o(i.prvTaskIsTaskSuspended)
    prvTaskIsTaskSuspended                   0x080042a5   Thumb Code    86  tasks.o(i.prvTaskIsTaskSuspended)
    i.prvUnlockQueue                         0x08004304   Section        0  queue.o(i.prvUnlockQueue)
    prvUnlockQueue                           0x08004305   Thumb Code   144  queue.o(i.prvUnlockQueue)
    i.pvPortMalloc                           0x08004394   Section        0  heap_4.o(i.pvPortMalloc)
    i.pxPortInitialiseStack                  0x08004494   Section        0  port.o(i.pxPortInitialiseStack)
    i.quick_wifi_check                       0x080044b8   Section        0  wifi_connect.o(i.quick_wifi_check)
    i.readFlash                              0x08004660   Section        0  flash.o(i.readFlash)
    i.tcp_connect                            0x08004674   Section        0  tcp_connect.o(i.tcp_connect)
    i.tcp_send_data                          0x080047dc   Section        0  tcp_send_data.o(i.tcp_send_data)
    i.upload_task                            0x080048d8   Section        0  main.o(i.upload_task)
    i.uxListRemove                           0x08004a1c   Section        0  list.o(i.uxListRemove)
    i.uxQueueMessagesWaiting                 0x08004a44   Section        0  queue.o(i.uxQueueMessagesWaiting)
    i.uxTaskGetNumberOfTasks                 0x08004a58   Section        0  tasks.o(i.uxTaskGetNumberOfTasks)
    i.vListInitialise                        0x08004a64   Section        0  list.o(i.vListInitialise)
    i.vListInitialiseItem                    0x08004a7e   Section        0  list.o(i.vListInitialiseItem)
    i.vListInsert                            0x08004a84   Section        0  list.o(i.vListInsert)
    i.vListInsertEnd                         0x08004ab8   Section        0  list.o(i.vListInsertEnd)
    i.vPortEnterCritical                     0x08004ad0   Section        0  port.o(i.vPortEnterCritical)
    i.vPortExitCritical                      0x08004af4   Section        0  port.o(i.vPortExitCritical)
    i.vPortFree                              0x08004b14   Section        0  heap_4.o(i.vPortFree)
    i.vPortSetupTimerInterrupt               0x08004b60   Section        0  port.o(i.vPortSetupTimerInterrupt)
    i.vTaskDelay                             0x08004b78   Section        0  tasks.o(i.vTaskDelay)
    i.vTaskInternalSetTimeOutState           0x08004bac   Section        0  tasks.o(i.vTaskInternalSetTimeOutState)
    i.vTaskMissedYield                       0x08004bc4   Section        0  tasks.o(i.vTaskMissedYield)
    i.vTaskPlaceOnEventList                  0x08004bd0   Section        0  tasks.o(i.vTaskPlaceOnEventList)
    i.vTaskResume                            0x08004bf0   Section        0  tasks.o(i.vTaskResume)
    i.vTaskStartScheduler                    0x08004cac   Section        0  tasks.o(i.vTaskStartScheduler)
    i.vTaskSuspend                           0x08004cf8   Section        0  tasks.o(i.vTaskSuspend)
    i.vTaskSuspendAll                        0x08004dd4   Section        0  tasks.o(i.vTaskSuspendAll)
    i.vTaskSwitchContext                     0x08004de4   Section        0  tasks.o(i.vTaskSwitchContext)
    i.wifi_connect                           0x08004e4c   Section        0  wifi_connect.o(i.wifi_connect)
    i.xPortStartScheduler                    0x080052d8   Section        0  port.o(i.xPortStartScheduler)
    i.xQueueAddToSet                         0x0800530c   Section        0  queue.o(i.xQueueAddToSet)
    i.xQueueCreateSet                        0x08005332   Section        0  queue.o(i.xQueueCreateSet)
    i.xQueueGenericCreate                    0x08005346   Section        0  queue.o(i.xQueueGenericCreate)
    i.xQueueGenericReset                     0x08005394   Section        0  queue.o(i.xQueueGenericReset)
    i.xQueueGenericSend                      0x08005434   Section        0  queue.o(i.xQueueGenericSend)
    i.xQueueGenericSendFromISR               0x0800557c   Section        0  queue.o(i.xQueueGenericSendFromISR)
    i.xQueueReceive                          0x08005634   Section        0  queue.o(i.xQueueReceive)
    i.xQueueReceiveFromISR                   0x08005738   Section        0  queue.o(i.xQueueReceiveFromISR)
    i.xQueueSelectFromSet                    0x080057c6   Section        0  queue.o(i.xQueueSelectFromSet)
    i.xTaskCheckForTimeOut                   0x080057e0   Section        0  tasks.o(i.xTaskCheckForTimeOut)
    i.xTaskCreate                            0x08005840   Section        0  tasks.o(i.xTaskCreate)
    i.xTaskIncrementTick                     0x08005878   Section        0  tasks.o(i.xTaskIncrementTick)
    i.xTaskRemoveFromEventList               0x08005a18   Section        0  tasks.o(i.xTaskRemoveFromEventList)
    i.xTaskResumeAll                         0x08005b30   Section        0  tasks.o(i.xTaskResumeAll)
    .constdata                               0x08005cac   Section       24  esp01s_switch.o(.constdata)
    .constdata                               0x08005cc4   Section     1520  oled.o(.constdata)
    .constdata                               0x080062b4   Section       12  mktime.o(.constdata)
    monlen                                   0x080062b4   Data          12  mktime.o(.constdata)
    .constdata                               0x080062c0   Section       86  strftime.o(.constdata)
    .constdata                               0x08006316   Section       12  localtime_i.o(.constdata)
    monlen                                   0x08006316   Data          12  localtime_i.o(.constdata)
    .constdata                               0x08006322   Section       64  ctype_c.o(.constdata)
    .conststring                             0x08006364   Section      109  esp01s_switch.o(.conststring)
    .data                                    0x20000000   Section       20  stm32f10x_rcc.o(.data)
    APBAHBPrescTable                         0x20000000   Data          16  stm32f10x_rcc.o(.data)
    ADCPrescTable                            0x20000010   Data           4  stm32f10x_rcc.o(.data)
    .data                                    0x20000014   Section       28  heap_4.o(.data)
    xStart                                   0x20000014   Data           8  heap_4.o(.data)
    pxEnd                                    0x2000001c   Data           4  heap_4.o(.data)
    xFreeBytesRemaining                      0x20000020   Data           4  heap_4.o(.data)
    xMinimumEverFreeBytesRemaining           0x20000024   Data           4  heap_4.o(.data)
    xNumberOfSuccessfulAllocations           0x20000028   Data           4  heap_4.o(.data)
    xNumberOfSuccessfulFrees                 0x2000002c   Data           4  heap_4.o(.data)
    .data                                    0x20000030   Section        4  port.o(.data)
    uxCriticalNesting                        0x20000030   Data           4  port.o(.data)
    .data                                    0x20000034   Section       64  tasks.o(.data)
    pxDelayedTaskList                        0x20000038   Data           4  tasks.o(.data)
    pxOverflowDelayedTaskList                0x2000003c   Data           4  tasks.o(.data)
    uxDeletedTasksWaitingCleanUp             0x20000040   Data           4  tasks.o(.data)
    uxCurrentNumberOfTasks                   0x20000044   Data           4  tasks.o(.data)
    xTickCount                               0x20000048   Data           4  tasks.o(.data)
    uxTopReadyPriority                       0x2000004c   Data           4  tasks.o(.data)
    xSchedulerRunning                        0x20000050   Data           4  tasks.o(.data)
    xPendedTicks                             0x20000054   Data           4  tasks.o(.data)
    xYieldPendings                           0x20000058   Data           4  tasks.o(.data)
    xNumOfOverflows                          0x2000005c   Data           4  tasks.o(.data)
    uxTaskNumber                             0x20000060   Data           4  tasks.o(.data)
    xNextTaskUnblockTime                     0x20000064   Data           4  tasks.o(.data)
    xIdleTaskHandles                         0x20000068   Data           4  tasks.o(.data)
    uxTopUsedPriority                        0x2000006c   Data           4  tasks.o(.data)
    uxSchedulerSuspended                     0x20000070   Data           4  tasks.o(.data)
    .data                                    0x20000074   Section        4  usart2.o(.data)
    flag                                     0x20000074   Data           4  usart2.o(.data)
    .data                                    0x20000078   Section        8  esp01s_switch.o(.data)
    i                                        0x20000078   Data           4  esp01s_switch.o(.data)
    i                                        0x2000007c   Data           4  esp01s_switch.o(.data)
    .data                                    0x20000080   Section        1  oled.o(.data)
    oled_current_line                        0x20000080   Data           1  oled.o(.data)
    .data                                    0x20000082   Section        4  led.o(.data)
    fast_counter                             0x20000082   Data           2  led.o(.data)
    slow_counter                             0x20000084   Data           2  led.o(.data)
    .data                                    0x20000088   Section       24  rtc.o(.data)
    .data                                    0x200000a0   Section        4  key.o(.data)
    flag                                     0x200000a0   Data           4  key.o(.data)
    .data                                    0x200000a4   Section       40  main.o(.data)
    .bss                                     0x200000cc   Section    17408  heap_4.o(.bss)
    ucHeap                                   0x200000cc   Data       17408  heap_4.o(.bss)
    .bss                                     0x200044cc   Section      200  tasks.o(.bss)
    pxReadyTasksLists                        0x200044cc   Data         100  tasks.o(.bss)
    xDelayedTaskList1                        0x20004530   Data          20  tasks.o(.bss)
    xDelayedTaskList2                        0x20004544   Data          20  tasks.o(.bss)
    xPendingReadyList                        0x20004558   Data          20  tasks.o(.bss)
    xTasksWaitingTermination                 0x2000456c   Data          20  tasks.o(.bss)
    xSuspendedTaskList                       0x20004580   Data          20  tasks.o(.bss)
    .bss                                     0x20004594   Section       40  wifi_connect.o(.bss)
    str_wifi                                 0x20004594   Data          40  wifi_connect.o(.bss)
    .bss                                     0x200045bc   Section      100  tcp_send_data.o(.bss)
    str                                      0x200045bc   Data         100  tcp_send_data.o(.bss)
    .bss                                     0x20004620   Section       44  localtime_w.o(.bss)
    _tms                                     0x20004620   Data          44  localtime_w.o(.bss)
    STACK                                    0x20004650   Section     1024  startup_stm32f10x_md.o(STACK)

    Global Symbols

    Symbol Name                              Value     Ov Type        Size  Object(Section)

    BuildAttributes$$THM_ISAv4$P$D$K$B$S$PE$A:L22UL41UL21$X:L11$S22US41US21$IEEE1$IW$USESV6$~STKCKD$USESV7$~SHL$OSPACE$ROPI$EBA8$MICROLIB$REQ8$PRES8$EABIv2 0x00000000   Number         0  anon$$obj.o ABSOLUTE
    __ARM_use_no_argv                        0x00000000   Number         0  main.o ABSOLUTE
    _printf_a                                0x00000000   Number         0  stubs.o ABSOLUTE
    _printf_c                                0x00000000   Number         0  stubs.o ABSOLUTE
    _printf_charcount                        0x00000000   Number         0  stubs.o ABSOLUTE
    _printf_d                                0x00000000   Number         0  stubs.o ABSOLUTE
    _printf_e                                0x00000000   Number         0  stubs.o ABSOLUTE
    _printf_f                                0x00000000   Number         0  stubs.o ABSOLUTE
    _printf_flags                            0x00000000   Number         0  stubs.o ABSOLUTE
    _printf_fp_dec                           0x00000000   Number         0  stubs.o ABSOLUTE
    _printf_fp_hex                           0x00000000   Number         0  stubs.o ABSOLUTE
    _printf_g                                0x00000000   Number         0  stubs.o ABSOLUTE
    _printf_i                                0x00000000   Number         0  stubs.o ABSOLUTE
    _printf_int_dec                          0x00000000   Number         0  stubs.o ABSOLUTE
    _printf_l                                0x00000000   Number         0  stubs.o ABSOLUTE
    _printf_lc                               0x00000000   Number         0  stubs.o ABSOLUTE
    _printf_ll                               0x00000000   Number         0  stubs.o ABSOLUTE
    _printf_lld                              0x00000000   Number         0  stubs.o ABSOLUTE
    _printf_lli                              0x00000000   Number         0  stubs.o ABSOLUTE
    _printf_llo                              0x00000000   Number         0  stubs.o ABSOLUTE
    _printf_llu                              0x00000000   Number         0  stubs.o ABSOLUTE
    _printf_llx                              0x00000000   Number         0  stubs.o ABSOLUTE
    _printf_longlong_dec                     0x00000000   Number         0  stubs.o ABSOLUTE
    _printf_longlong_hex                     0x00000000   Number         0  stubs.o ABSOLUTE
    _printf_longlong_oct                     0x00000000   Number         0  stubs.o ABSOLUTE
    _printf_ls                               0x00000000   Number         0  stubs.o ABSOLUTE
    _printf_mbtowc                           0x00000000   Number         0  stubs.o ABSOLUTE
    _printf_n                                0x00000000   Number         0  stubs.o ABSOLUTE
    _printf_o                                0x00000000   Number         0  stubs.o ABSOLUTE
    _printf_p                                0x00000000   Number         0  stubs.o ABSOLUTE
    _printf_percent                          0x00000000   Number         0  stubs.o ABSOLUTE
    _printf_pre_padding                      0x00000000   Number         0  stubs.o ABSOLUTE
    _printf_return_value                     0x00000000   Number         0  stubs.o ABSOLUTE
    _printf_s                                0x00000000   Number         0  stubs.o ABSOLUTE
    _printf_sizespec                         0x00000000   Number         0  stubs.o ABSOLUTE
    _printf_str                              0x00000000   Number         0  stubs.o ABSOLUTE
    _printf_truncate_signed                  0x00000000   Number         0  stubs.o ABSOLUTE
    _printf_truncate_unsigned                0x00000000   Number         0  stubs.o ABSOLUTE
    _printf_u                                0x00000000   Number         0  stubs.o ABSOLUTE
    _printf_wc                               0x00000000   Number         0  stubs.o ABSOLUTE
    _printf_wctomb                           0x00000000   Number         0  stubs.o ABSOLUTE
    _printf_widthprec                        0x00000000   Number         0  stubs.o ABSOLUTE
    _printf_x                                0x00000000   Number         0  stubs.o ABSOLUTE
    __arm_fini_                               - Undefined Weak Reference
    __cpp_initialize__aeabi_                  - Undefined Weak Reference
    __cxa_finalize                            - Undefined Weak Reference
    __decompress                              - Undefined Weak Reference
    _clock_init                               - Undefined Weak Reference
    _microlib_exit                            - Undefined Weak Reference
    _scanf_int                                - Undefined Weak Reference
    _scanf_longlong                           - Undefined Weak Reference
    _scanf_real                               - Undefined Weak Reference
    __Vectors_Size                           0x000000ec   Number         0  startup_stm32f10x_md.o ABSOLUTE
    __Vectors                                0x08000000   Data           4  startup_stm32f10x_md.o(RESET)
    __Vectors_End                            0x080000ec   Data           0  startup_stm32f10x_md.o(RESET)
    __main                                   0x080000ed   Thumb Code     0  entry.o(.ARM.Collect$$$$00000000)
    _main_stk                                0x080000ed   Thumb Code     0  entry2.o(.ARM.Collect$$$$00000001)
    _main_scatterload                        0x080000f1   Thumb Code     0  entry5.o(.ARM.Collect$$$$00000004)
    __main_after_scatterload                 0x080000f5   Thumb Code     0  entry5.o(.ARM.Collect$$$$00000004)
    _main_clock                              0x080000f5   Thumb Code     0  entry7b.o(.ARM.Collect$$$$00000008)
    _main_cpp_init                           0x080000f5   Thumb Code     0  entry8b.o(.ARM.Collect$$$$0000000A)
    _main_init                               0x080000f5   Thumb Code     0  entry9a.o(.ARM.Collect$$$$0000000B)
    __rt_lib_shutdown_fini                   0x080000fd   Thumb Code     0  entry12b.o(.ARM.Collect$$$$0000000E)
    __rt_final_cpp                           0x08000101   Thumb Code     0  entry10a.o(.ARM.Collect$$$$0000000F)
    __rt_final_exit                          0x08000101   Thumb Code     0  entry11a.o(.ARM.Collect$$$$00000011)
    SVC_Handler                              0x08000105   Thumb Code    32  port.o(.emb_text)
    __asm___6_port_c_39a90d8d__prvStartFirstTask 0x08000129   Thumb Code    28  port.o(.emb_text)
    PendSV_Handler                           0x08000149   Thumb Code    72  port.o(.emb_text)
    vPortGetIPSR                             0x08000195   Thumb Code     6  port.o(.emb_text)
    Reset_Handler                            0x0800019d   Thumb Code     8  startup_stm32f10x_md.o(.text)
    ADC1_2_IRQHandler                        0x080001b7   Thumb Code     0  startup_stm32f10x_md.o(.text)
    CAN1_RX1_IRQHandler                      0x080001b7   Thumb Code     0  startup_stm32f10x_md.o(.text)
    CAN1_SCE_IRQHandler                      0x080001b7   Thumb Code     0  startup_stm32f10x_md.o(.text)
    DMA1_Channel1_IRQHandler                 0x080001b7   Thumb Code     0  startup_stm32f10x_md.o(.text)
    DMA1_Channel2_IRQHandler                 0x080001b7   Thumb Code     0  startup_stm32f10x_md.o(.text)
    DMA1_Channel3_IRQHandler                 0x080001b7   Thumb Code     0  startup_stm32f10x_md.o(.text)
    DMA1_Channel4_IRQHandler                 0x080001b7   Thumb Code     0  startup_stm32f10x_md.o(.text)
    DMA1_Channel5_IRQHandler                 0x080001b7   Thumb Code     0  startup_stm32f10x_md.o(.text)
    DMA1_Channel6_IRQHandler                 0x080001b7   Thumb Code     0  startup_stm32f10x_md.o(.text)
    DMA1_Channel7_IRQHandler                 0x080001b7   Thumb Code     0  startup_stm32f10x_md.o(.text)
    EXTI0_IRQHandler                         0x080001b7   Thumb Code     0  startup_stm32f10x_md.o(.text)
    EXTI15_10_IRQHandler                     0x080001b7   Thumb Code     0  startup_stm32f10x_md.o(.text)
    EXTI1_IRQHandler                         0x080001b7   Thumb Code     0  startup_stm32f10x_md.o(.text)
    EXTI2_IRQHandler                         0x080001b7   Thumb Code     0  startup_stm32f10x_md.o(.text)
    EXTI3_IRQHandler                         0x080001b7   Thumb Code     0  startup_stm32f10x_md.o(.text)
    EXTI4_IRQHandler                         0x080001b7   Thumb Code     0  startup_stm32f10x_md.o(.text)
    FLASH_IRQHandler                         0x080001b7   Thumb Code     0  startup_stm32f10x_md.o(.text)
    I2C1_ER_IRQHandler                       0x080001b7   Thumb Code     0  startup_stm32f10x_md.o(.text)
    I2C1_EV_IRQHandler                       0x080001b7   Thumb Code     0  startup_stm32f10x_md.o(.text)
    I2C2_ER_IRQHandler                       0x080001b7   Thumb Code     0  startup_stm32f10x_md.o(.text)
    I2C2_EV_IRQHandler                       0x080001b7   Thumb Code     0  startup_stm32f10x_md.o(.text)
    PVD_IRQHandler                           0x080001b7   Thumb Code     0  startup_stm32f10x_md.o(.text)
    RCC_IRQHandler                           0x080001b7   Thumb Code     0  startup_stm32f10x_md.o(.text)
    RTCAlarm_IRQHandler                      0x080001b7   Thumb Code     0  startup_stm32f10x_md.o(.text)
    RTC_IRQHandler                           0x080001b7   Thumb Code     0  startup_stm32f10x_md.o(.text)
    SPI1_IRQHandler                          0x080001b7   Thumb Code     0  startup_stm32f10x_md.o(.text)
    SPI2_IRQHandler                          0x080001b7   Thumb Code     0  startup_stm32f10x_md.o(.text)
    TAMPER_IRQHandler                        0x080001b7   Thumb Code     0  startup_stm32f10x_md.o(.text)
    TIM1_BRK_IRQHandler                      0x080001b7   Thumb Code     0  startup_stm32f10x_md.o(.text)
    TIM1_CC_IRQHandler                       0x080001b7   Thumb Code     0  startup_stm32f10x_md.o(.text)
    TIM1_TRG_COM_IRQHandler                  0x080001b7   Thumb Code     0  startup_stm32f10x_md.o(.text)
    TIM1_UP_IRQHandler                       0x080001b7   Thumb Code     0  startup_stm32f10x_md.o(.text)
    TIM3_IRQHandler                          0x080001b7   Thumb Code     0  startup_stm32f10x_md.o(.text)
    TIM4_IRQHandler                          0x080001b7   Thumb Code     0  startup_stm32f10x_md.o(.text)
    USBWakeUp_IRQHandler                     0x080001b7   Thumb Code     0  startup_stm32f10x_md.o(.text)
    USB_HP_CAN1_TX_IRQHandler                0x080001b7   Thumb Code     0  startup_stm32f10x_md.o(.text)
    USB_LP_CAN1_RX0_IRQHandler               0x080001b7   Thumb Code     0  startup_stm32f10x_md.o(.text)
    WWDG_IRQHandler                          0x080001b7   Thumb Code     0  startup_stm32f10x_md.o(.text)
    mktime                                   0x080001c1   Thumb Code   150  mktime.o(.text)
    strftime                                 0x080002a9   Thumb Code   580  strftime.o(.text)
    __aeabi_memcpy                           0x080005fd   Thumb Code    36  memcpya.o(.text)
    __aeabi_memcpy4                          0x080005fd   Thumb Code     0  memcpya.o(.text)
    __aeabi_memcpy8                          0x080005fd   Thumb Code     0  memcpya.o(.text)
    __aeabi_memset                           0x08000621   Thumb Code    14  memseta.o(.text)
    __aeabi_memset4                          0x08000621   Thumb Code     0  memseta.o(.text)
    __aeabi_memset8                          0x08000621   Thumb Code     0  memseta.o(.text)
    __aeabi_memclr                           0x0800062f   Thumb Code     4  memseta.o(.text)
    __aeabi_memclr4                          0x0800062f   Thumb Code     0  memseta.o(.text)
    __aeabi_memclr8                          0x0800062f   Thumb Code     0  memseta.o(.text)
    _memset$wrapper                          0x08000633   Thumb Code    18  memseta.o(.text)
    strstr                                   0x08000645   Thumb Code    36  strstr.o(.text)
    strncpy                                  0x08000669   Thumb Code    24  strncpy.o(.text)
    strlen                                   0x08000681   Thumb Code    14  strlen.o(.text)
    __0sscanf                                0x08000691   Thumb Code    48  __0sscanf.o(.text)
    _scanf_string                            0x080006c9   Thumb Code   224  _scanf_str.o(.text)
    __aeabi_dadd                             0x080007a9   Thumb Code   322  dadd.o(.text)
    __aeabi_dsub                             0x080008eb   Thumb Code     6  dadd.o(.text)
    __aeabi_drsub                            0x080008f1   Thumb Code     6  dadd.o(.text)
    __aeabi_dmul                             0x080008f7   Thumb Code   228  dmul.o(.text)
    __aeabi_uidiv                            0x080009db   Thumb Code     0  uidiv.o(.text)
    __aeabi_uidivmod                         0x080009db   Thumb Code    44  uidiv.o(.text)
    __aeabi_uldivmod                         0x08000a07   Thumb Code    98  uldiv.o(.text)
    __aeabi_llsl                             0x08000a69   Thumb Code    30  llshl.o(.text)
    _ll_shift_l                              0x08000a69   Thumb Code     0  llshl.o(.text)
    __aeabi_llsr                             0x08000a87   Thumb Code    32  llushr.o(.text)
    _ll_ushift_r                             0x08000a87   Thumb Code     0  llushr.o(.text)
    __aeabi_lasr                             0x08000aa7   Thumb Code    36  llsshr.o(.text)
    _ll_sshift_r                             0x08000aa7   Thumb Code     0  llsshr.o(.text)
    localtime                                0x08000acd   Thumb Code     6  localtime_w.o(.text)
    _localtime                               0x08000ad9   Thumb Code   134  localtime_i.o(.text)
    __vfscanf_char                           0x08000b71   Thumb Code    20  scanf_char.o(.text)
    _sgetc                                   0x08000b8d   Thumb Code    30  _sgetc.o(.text)
    _sbackspace                              0x08000bab   Thumb Code    34  _sgetc.o(.text)
    __I$use$fp                               0x08000bcd   Thumb Code     0  iusefp.o(.text)
    _double_round                            0x08000bcd   Thumb Code    30  depilogue.o(.text)
    _double_epilogue                         0x08000beb   Thumb Code   156  depilogue.o(.text)
    __aeabi_ddiv                             0x08000c87   Thumb Code   222  ddiv.o(.text)
    __aeabi_d2ulz                            0x08000d65   Thumb Code    48  dfixul.o(.text)
    __aeabi_cdrcmple                         0x08000d95   Thumb Code    48  cdrcmple.o(.text)
    __scatterload                            0x08000dc5   Thumb Code    28  init.o(.text)
    __scatterload_rt2                        0x08000dc5   Thumb Code     0  init.o(.text)
    isspace                                  0x08000de9   Thumb Code    10  isspace_c.o(.text)
    __vfscanf                                0x08000df5   Thumb Code   810  _scanf.o(.text)
    __ctype_lookup                           0x08001125   Thumb Code    34  ctype_c.o(.text)
    ADC_Cmd                                  0x0800114d   Thumb Code    22  stm32f10x_adc.o(i.ADC_Cmd)
    ADC_GetCalibrationStatus                 0x08001163   Thumb Code    20  stm32f10x_adc.o(i.ADC_GetCalibrationStatus)
    ADC_GetConversionValue                   0x08001177   Thumb Code     8  stm32f10x_adc.o(i.ADC_GetConversionValue)
    ADC_GetFlagStatus                        0x0800117f   Thumb Code    18  stm32f10x_adc.o(i.ADC_GetFlagStatus)
    ADC_GetResetCalibrationStatus            0x08001191   Thumb Code    20  stm32f10x_adc.o(i.ADC_GetResetCalibrationStatus)
    ADC_Init                                 0x080011a5   Thumb Code    70  stm32f10x_adc.o(i.ADC_Init)
    ADC_RegularChannelConfig                 0x080011f5   Thumb Code   184  stm32f10x_adc.o(i.ADC_RegularChannelConfig)
    ADC_ResetCalibration                     0x080012ad   Thumb Code    10  stm32f10x_adc.o(i.ADC_ResetCalibration)
    ADC_SoftwareStartConvCmd                 0x080012b7   Thumb Code    22  stm32f10x_adc.o(i.ADC_SoftwareStartConvCmd)
    ADC_StartCalibration                     0x080012cd   Thumb Code    10  stm32f10x_adc.o(i.ADC_StartCalibration)
    AD_GetValue                              0x080012d9   Thumb Code    46  adc.o(i.AD_GetValue)
    AD_Init                                  0x0800130d   Thumb Code   104  adc.o(i.AD_Init)
    BKP_ReadBackupRegister                   0x08001379   Thumb Code    24  stm32f10x_bkp.o(i.BKP_ReadBackupRegister)
    BKP_WriteBackupRegister                  0x08001395   Thumb Code    22  stm32f10x_bkp.o(i.BKP_WriteBackupRegister)
    BusFault_Handler                         0x080013b1   Thumb Code     4  stm32f10x_it.o(i.BusFault_Handler)
    Buzzer_Control                           0x080013b5   Thumb Code    30  buzzer.o(i.Buzzer_Control)
    Buzzer_Init                              0x080013d9   Thumb Code    50  buzzer.o(i.Buzzer_Init)
    DebugMon_Handler                         0x08001411   Thumb Code     2  stm32f10x_it.o(i.DebugMon_Handler)
    Delay_Ms                                 0x08001413   Thumb Code    24  delay.o(i.Delay_Ms)
    Delay_Us                                 0x0800142d   Thumb Code    56  delay.o(i.Delay_Us)
    EXTI9_5_IRQHandler                       0x08001469   Thumb Code    62  key.o(i.EXTI9_5_IRQHandler)
    EXTI_ClearITPendingBit                   0x080014b5   Thumb Code     6  stm32f10x_exti.o(i.EXTI_ClearITPendingBit)
    EXTI_GetITStatus                         0x080014c1   Thumb Code    34  stm32f10x_exti.o(i.EXTI_GetITStatus)
    EXTI_Init                                0x080014e9   Thumb Code   142  stm32f10x_exti.o(i.EXTI_Init)
    FLASH_ErasePage                          0x0800157d   Thumb Code    72  stm32f10x_flash.o(i.FLASH_ErasePage)
    FLASH_GetBank1Status                     0x080015c9   Thumb Code    48  stm32f10x_flash.o(i.FLASH_GetBank1Status)
    FLASH_Lock                               0x080015fd   Thumb Code    14  stm32f10x_flash.o(i.FLASH_Lock)
    FLASH_ProgramWord                        0x08001611   Thumb Code   102  stm32f10x_flash.o(i.FLASH_ProgramWord)
    FLASH_Unlock                             0x0800167d   Thumb Code    12  stm32f10x_flash.o(i.FLASH_Unlock)
    FLASH_WaitForLastOperation               0x08001695   Thumb Code    38  stm32f10x_flash.o(i.FLASH_WaitForLastOperation)
    GPIO_EXTILineConfig                      0x080016bd   Thumb Code    60  stm32f10x_gpio.o(i.GPIO_EXTILineConfig)
    GPIO_Init                                0x080016fd   Thumb Code   278  stm32f10x_gpio.o(i.GPIO_Init)
    GPIO_InitTXRX                            0x08001815   Thumb Code   174  gpio.o(i.GPIO_InitTXRX)
    GPIO_ReadInputDataBit                    0x080018cd   Thumb Code    18  stm32f10x_gpio.o(i.GPIO_ReadInputDataBit)
    GPIO_ResetBits                           0x080018df   Thumb Code     4  stm32f10x_gpio.o(i.GPIO_ResetBits)
    GPIO_SetBits                             0x080018e3   Thumb Code     4  stm32f10x_gpio.o(i.GPIO_SetBits)
    GPIO_WriteBit                            0x080018e7   Thumb Code    10  stm32f10x_gpio.o(i.GPIO_WriteBit)
    HardFault_Handler                        0x080018f1   Thumb Code     4  stm32f10x_it.o(i.HardFault_Handler)
    IWDG_Enable                              0x080018f5   Thumb Code    10  stm32f10x_iwdg.o(i.IWDG_Enable)
    IWDG_Init                                0x08001905   Thumb Code    30  iwdg.o(i.IWDG_Init)
    IWDG_ReloadCounter                       0x08001925   Thumb Code    10  stm32f10x_iwdg.o(i.IWDG_ReloadCounter)
    IWDG_SetPrescaler                        0x08001935   Thumb Code     6  stm32f10x_iwdg.o(i.IWDG_SetPrescaler)
    IWDG_SetReload                           0x08001941   Thumb Code     6  stm32f10x_iwdg.o(i.IWDG_SetReload)
    IWDG_WriteAccessCmd                      0x0800194d   Thumb Code     6  stm32f10x_iwdg.o(i.IWDG_WriteAccessCmd)
    Key_Init                                 0x08001959   Thumb Code   106  key.o(i.Key_Init)
    LED_Control                              0x080019c9   Thumb Code    94  led.o(i.LED_Control)
    LED_Init                                 0x08001a31   Thumb Code    50  led.o(i.LED_Init)
    MemManage_Handler                        0x08001a69   Thumb Code     4  stm32f10x_it.o(i.MemManage_Handler)
    MyRTC_Init                               0x08001a6d   Thumb Code   114  rtc.o(i.MyRTC_Init)
    MyRTC_ReadTime                           0x08001adf   Thumb Code    14  rtc.o(i.MyRTC_ReadTime)
    MyRTC_SetTime                            0x08001aed   Thumb Code    70  rtc.o(i.MyRTC_SetTime)
    NMI_Handler                              0x08001b39   Thumb Code     2  stm32f10x_it.o(i.NMI_Handler)
    NVIC_Init                                0x08001b3d   Thumb Code   100  misc.o(i.NVIC_Init)
    NVIC_PriorityGroupConfig                 0x08001bad   Thumb Code    10  misc.o(i.NVIC_PriorityGroupConfig)
    OLED_Clear                               0x08001bc1   Thumb Code    42  oled.o(i.OLED_Clear)
    OLED_I2C_Init                            0x08001bed   Thumb Code    28  oled.o(i.OLED_I2C_Init)
    OLED_Init                                0x08001cbd   Thumb Code   174  oled.o(i.OLED_Init)
    OLED_ShowChar                            0x08001d8d   Thumb Code   110  oled.o(i.OLED_ShowChar)
    OLED_ShowString                          0x08001e01   Thumb Code    64  oled.o(i.OLED_ShowString)
    OLED_UpdateDisplay                       0x08001e41   Thumb Code    46  oled.o(i.OLED_UpdateDisplay)
    PWR_BackupAccessCmd                      0x08001eb5   Thumb Code     6  stm32f10x_pwr.o(i.PWR_BackupAccessCmd)
    PrintToEsp01s                            0x08001ec1   Thumb Code    72  usart2.o(i.PrintToEsp01s)
    PrintToHc05                              0x08001f09   Thumb Code    72  usart3.o(i.PrintToHc05)
    PrintToUTools                            0x08001f51   Thumb Code    72  usart1.o(i.PrintToUTools)
    RCC_ADCCLKConfig                         0x08001f99   Thumb Code    18  stm32f10x_rcc.o(i.RCC_ADCCLKConfig)
    RCC_APB1PeriphClockCmd                   0x08001fb1   Thumb Code    26  stm32f10x_rcc.o(i.RCC_APB1PeriphClockCmd)
    RCC_APB2PeriphClockCmd                   0x08001fd1   Thumb Code    26  stm32f10x_rcc.o(i.RCC_APB2PeriphClockCmd)
    RCC_ClearFlag                            0x08001ff1   Thumb Code    14  stm32f10x_rcc.o(i.RCC_ClearFlag)
    RCC_GetClocksFreq                        0x08002005   Thumb Code   192  stm32f10x_rcc.o(i.RCC_GetClocksFreq)
    RCC_GetFlagStatus                        0x080020d9   Thumb Code    56  stm32f10x_rcc.o(i.RCC_GetFlagStatus)
    RCC_LSEConfig                            0x08002115   Thumb Code    46  stm32f10x_rcc.o(i.RCC_LSEConfig)
    RCC_RTCCLKCmd                            0x08002149   Thumb Code     6  stm32f10x_rcc.o(i.RCC_RTCCLKCmd)
    RCC_RTCCLKConfig                         0x08002155   Thumb Code    12  stm32f10x_rcc.o(i.RCC_RTCCLKConfig)
    RTC_EnterConfigMode                      0x08002165   Thumb Code    14  stm32f10x_rtc.o(i.RTC_EnterConfigMode)
    RTC_ExitConfigMode                       0x08002179   Thumb Code    16  stm32f10x_rtc.o(i.RTC_ExitConfigMode)
    RTC_GetCounter                           0x0800218d   Thumb Code    16  stm32f10x_rtc.o(i.RTC_GetCounter)
    RTC_SetCounter                           0x080021a1   Thumb Code    24  stm32f10x_rtc.o(i.RTC_SetCounter)
    RTC_SetPrescaler                         0x080021bd   Thumb Code    26  stm32f10x_rtc.o(i.RTC_SetPrescaler)
    RTC_WaitForLastTask                      0x080021dd   Thumb Code    16  stm32f10x_rtc.o(i.RTC_WaitForLastTask)
    RTC_WaitForSynchro                       0x080021f1   Thumb Code    30  stm32f10x_rtc.o(i.RTC_WaitForSynchro)
    SPI1_Init                                0x08002215   Thumb Code   156  spi.o(i.SPI1_Init)
    SPI1_ReadWriteByte                       0x080022bd   Thumb Code    50  spi.o(i.SPI1_ReadWriteByte)
    SPI_Cmd                                  0x080022f5   Thumb Code    24  stm32f10x_spi.o(i.SPI_Cmd)
    SPI_I2S_GetFlagStatus                    0x0800230d   Thumb Code    18  stm32f10x_spi.o(i.SPI_I2S_GetFlagStatus)
    SPI_I2S_ReceiveData                      0x0800231f   Thumb Code     6  stm32f10x_spi.o(i.SPI_I2S_ReceiveData)
    SPI_I2S_SendData                         0x08002325   Thumb Code     4  stm32f10x_spi.o(i.SPI_I2S_SendData)
    SPI_Init                                 0x08002329   Thumb Code    60  stm32f10x_spi.o(i.SPI_Init)
    SPI_NSSInternalSoftwareConfig            0x08002365   Thumb Code    30  stm32f10x_spi.o(i.SPI_NSSInternalSoftwareConfig)
    SysTick_Handler                          0x0800246d   Thumb Code    46  port.o(i.SysTick_Handler)
    SystemInit                               0x080024a1   Thumb Code    78  system_stm32f10x.o(i.SystemInit)
    TIM2_IRQHandler                          0x08002501   Thumb Code   228  led.o(i.TIM2_IRQHandler)
    TIM_ClearITPendingBit                    0x080025f5   Thumb Code     6  stm32f10x_tim.o(i.TIM_ClearITPendingBit)
    TIM_Cmd                                  0x080025fb   Thumb Code    24  stm32f10x_tim.o(i.TIM_Cmd)
    TIM_GetITStatus                          0x08002613   Thumb Code    34  stm32f10x_tim.o(i.TIM_GetITStatus)
    TIM_ITConfig                             0x08002635   Thumb Code    18  stm32f10x_tim.o(i.TIM_ITConfig)
    TIM_Init                                 0x08002647   Thumb Code   102  led.o(i.TIM_Init)
    TIM_TimeBaseInit                         0x080026ad   Thumb Code   122  stm32f10x_tim.o(i.TIM_TimeBaseInit)
    USART1_IRQHandler                        0x08002751   Thumb Code    44  usart1.o(i.USART1_IRQHandler)
    USART1_NVIC_Init                         0x08002785   Thumb Code   114  usart1.o(i.USART1_NVIC_Init)
    USART1_SendByte                          0x080027fd   Thumb Code    42  usart1.o(i.USART1_SendByte)
    USART2_IRQHandler                        0x0800282d   Thumb Code    68  usart2.o(i.USART2_IRQHandler)
    USART2_NVIC_Init                         0x0800287d   Thumb Code   114  usart2.o(i.USART2_NVIC_Init)
    USART2_SendByte                          0x080028f5   Thumb Code    42  usart2.o(i.USART2_SendByte)
    USART3_IRQHandler                        0x08002925   Thumb Code    44  usart3.o(i.USART3_IRQHandler)
    USART3_NVIC_Init                         0x08002959   Thumb Code   114  usart3.o(i.USART3_NVIC_Init)
    USART3_SendByte                          0x080029d1   Thumb Code    42  usart3.o(i.USART3_SendByte)
    USART_Cmd                                0x08002a01   Thumb Code    24  stm32f10x_usart.o(i.USART_Cmd)
    USART_GetFlagStatus                      0x08002a19   Thumb Code    26  stm32f10x_usart.o(i.USART_GetFlagStatus)
    USART_GetITStatus                        0x08002a33   Thumb Code    84  stm32f10x_usart.o(i.USART_GetITStatus)
    USART_ITConfig                           0x08002a87   Thumb Code    74  stm32f10x_usart.o(i.USART_ITConfig)
    USART_Init                               0x08002ad1   Thumb Code   210  stm32f10x_usart.o(i.USART_Init)
    USART_ReceiveData                        0x08002ba9   Thumb Code    10  stm32f10x_usart.o(i.USART_ReceiveData)
    USART_SendData                           0x08002bb3   Thumb Code     8  stm32f10x_usart.o(i.USART_SendData)
    UsageFault_Handler                       0x08002bbb   Thumb Code     4  stm32f10x_it.o(i.UsageFault_Handler)
    W25Q64_CS_Disable                        0x08002bc1   Thumb Code    14  spi.o(i.W25Q64_CS_Disable)
    W25Q64_CS_Enable                         0x08002bd5   Thumb Code    14  spi.o(i.W25Q64_CS_Enable)
    W25Q64_Erase_Sector                      0x08002be9   Thumb Code    60  spi.o(i.W25Q64_Erase_Sector)
    W25Q64_Wait_Busy                         0x08002c25   Thumb Code    38  spi.o(i.W25Q64_Wait_Busy)
    W25Q64_Write                             0x08002c4b   Thumb Code    68  spi.o(i.W25Q64_Write)
    W25Q64_Write_String                      0x08002c8f   Thumb Code    40  spi.o(i.W25Q64_Write_String)
    __0sprintf                               0x08002cb9   Thumb Code    34  printfa.o(i.__0sprintf)
    __1sprintf                               0x08002cb9   Thumb Code     0  printfa.o(i.__0sprintf)
    __2sprintf                               0x08002cb9   Thumb Code     0  printfa.o(i.__0sprintf)
    __c89sprintf                             0x08002cb9   Thumb Code     0  printfa.o(i.__0sprintf)
    sprintf                                  0x08002cb9   Thumb Code     0  printfa.o(i.__0sprintf)
    __0vsprintf                              0x08002ce1   Thumb Code    30  printfa.o(i.__0vsprintf)
    __1vsprintf                              0x08002ce1   Thumb Code     0  printfa.o(i.__0vsprintf)
    __2vsprintf                              0x08002ce1   Thumb Code     0  printfa.o(i.__0vsprintf)
    __c89vsprintf                            0x08002ce1   Thumb Code     0  printfa.o(i.__0vsprintf)
    vsprintf                                 0x08002ce1   Thumb Code     0  printfa.o(i.__0vsprintf)
    __scatterload_copy                       0x08002d05   Thumb Code    14  handlers.o(i.__scatterload_copy)
    __scatterload_null                       0x08002d13   Thumb Code     2  handlers.o(i.__scatterload_null)
    __scatterload_zeroinit                   0x08002d15   Thumb Code    14  handlers.o(i.__scatterload_zeroinit)
    changeFlashFor32                         0x080035b9   Thumb Code    24  flash.o(i.changeFlashFor32)
    control_task                             0x080035d1   Thumb Code   108  main.o(i.control_task)
    erasePage                                0x08003689   Thumb Code    20  flash.o(i.erasePage)
    esp01s_close                             0x0800369d   Thumb Code   228  esp01s_switch.o(i.esp01s_close)
    esp01s_open                              0x080037cd   Thumb Code   214  esp01s_switch.o(i.esp01s_open)
    local_task                               0x080038ed   Thumb Code   334  main.o(i.local_task)
    main                                     0x08003ac1   Thumb Code   270  main.o(i.main)
    pvPortMalloc                             0x08004395   Thumb Code   234  heap_4.o(i.pvPortMalloc)
    pxPortInitialiseStack                    0x08004495   Thumb Code    30  port.o(i.pxPortInitialiseStack)
    quick_wifi_check                         0x080044b9   Thumb Code   284  wifi_connect.o(i.quick_wifi_check)
    readFlash                                0x08004661   Thumb Code    20  flash.o(i.readFlash)
    tcp_connect                              0x08004675   Thumb Code   198  tcp_connect.o(i.tcp_connect)
    tcp_send_data                            0x080047dd   Thumb Code   180  tcp_send_data.o(i.tcp_send_data)
    upload_task                              0x080048d9   Thumb Code   258  main.o(i.upload_task)
    uxListRemove                             0x08004a1d   Thumb Code    40  list.o(i.uxListRemove)
    uxQueueMessagesWaiting                   0x08004a45   Thumb Code    18  queue.o(i.uxQueueMessagesWaiting)
    uxTaskGetNumberOfTasks                   0x08004a59   Thumb Code     6  tasks.o(i.uxTaskGetNumberOfTasks)
    vListInitialise                          0x08004a65   Thumb Code    26  list.o(i.vListInitialise)
    vListInitialiseItem                      0x08004a7f   Thumb Code     6  list.o(i.vListInitialiseItem)
    vListInsert                              0x08004a85   Thumb Code    52  list.o(i.vListInsert)
    vListInsertEnd                           0x08004ab9   Thumb Code    24  list.o(i.vListInsertEnd)
    vPortEnterCritical                       0x08004ad1   Thumb Code    30  port.o(i.vPortEnterCritical)
    vPortExitCritical                        0x08004af5   Thumb Code    28  port.o(i.vPortExitCritical)
    vPortFree                                0x08004b15   Thumb Code    68  heap_4.o(i.vPortFree)
    vPortSetupTimerInterrupt                 0x08004b61   Thumb Code    20  port.o(i.vPortSetupTimerInterrupt)
    vTaskDelay                               0x08004b79   Thumb Code    46  tasks.o(i.vTaskDelay)
    vTaskInternalSetTimeOutState             0x08004bad   Thumb Code    14  tasks.o(i.vTaskInternalSetTimeOutState)
    vTaskMissedYield                         0x08004bc5   Thumb Code     8  tasks.o(i.vTaskMissedYield)
    vTaskPlaceOnEventList                    0x08004bd1   Thumb Code    28  tasks.o(i.vTaskPlaceOnEventList)
    vTaskResume                              0x08004bf1   Thumb Code   170  tasks.o(i.vTaskResume)
    vTaskStartScheduler                      0x08004cad   Thumb Code    60  tasks.o(i.vTaskStartScheduler)
    vTaskSuspend                             0x08004cf9   Thumb Code   192  tasks.o(i.vTaskSuspend)
    vTaskSuspendAll                          0x08004dd5   Thumb Code    12  tasks.o(i.vTaskSuspendAll)
    vTaskSwitchContext                       0x08004de5   Thumb Code    84  tasks.o(i.vTaskSwitchContext)
    wifi_connect                             0x08004e4d   Thumb Code   792  wifi_connect.o(i.wifi_connect)
    xPortStartScheduler                      0x080052d9   Thumb Code    42  port.o(i.xPortStartScheduler)
    xQueueAddToSet                           0x0800530d   Thumb Code    38  queue.o(i.xQueueAddToSet)
    xQueueCreateSet                          0x08005333   Thumb Code    20  queue.o(i.xQueueCreateSet)
    xQueueGenericCreate                      0x08005347   Thumb Code    76  queue.o(i.xQueueGenericCreate)
    xQueueGenericReset                       0x08005395   Thumb Code   156  queue.o(i.xQueueGenericReset)
    xQueueGenericSend                        0x08005435   Thumb Code   322  queue.o(i.xQueueGenericSend)
    xQueueGenericSendFromISR                 0x0800557d   Thumb Code   182  queue.o(i.xQueueGenericSendFromISR)
    xQueueReceive                            0x08005635   Thumb Code   256  queue.o(i.xQueueReceive)
    xQueueReceiveFromISR                     0x08005739   Thumb Code   142  queue.o(i.xQueueReceiveFromISR)
    xQueueSelectFromSet                      0x080057c7   Thumb Code    24  queue.o(i.xQueueSelectFromSet)
    xTaskCheckForTimeOut                     0x080057e1   Thumb Code    88  tasks.o(i.xTaskCheckForTimeOut)
    xTaskCreate                              0x08005841   Thumb Code    56  tasks.o(i.xTaskCreate)
    xTaskIncrementTick                       0x08005879   Thumb Code   372  tasks.o(i.xTaskIncrementTick)
    xTaskRemoveFromEventList                 0x08005a19   Thumb Code   256  tasks.o(i.xTaskRemoveFromEventList)
    xTaskResumeAll                           0x08005b31   Thumb Code   344  tasks.o(i.xTaskResumeAll)
    OLED_F8x16                               0x08005cc4   Data        1520  oled.o(.constdata)
    __ctype_categories                       0x08006322   Data          64  ctype_c.o(.constdata)
    Region$$Table$$Base                      0x080063d4   Number         0  anon$$obj.o(Region$$Table)
    Region$$Table$$Limit                     0x080063f4   Number         0  anon$$obj.o(Region$$Table)
    pxCurrentTCB                             0x20000034   Data           4  tasks.o(.data)
    rt                                       0x20000088   Data          24  rtc.o(.data)
    queueUTools                              0x200000a4   Data           4  main.o(.data)
    queueESP01s                              0x200000a8   Data           4  main.o(.data)
    queueHC05                                0x200000ac   Data           4  main.o(.data)
    QueueSet                                 0x200000b0   Data           4  main.o(.data)
    queueTaskStatus                          0x200000b4   Data           4  main.o(.data)
    network_available                        0x200000b8   Data           4  main.o(.data)
    local_storage_mode                       0x200000bc   Data           4  main.o(.data)
    g_ledModes                               0x200000c0   Data           3  main.o(.data)
    g_buzzerStatus                           0x200000c3   Data           1  main.o(.data)
    handle1                                  0x200000c4   Data           4  main.o(.data)
    handle2                                  0x200000c8   Data           4  main.o(.data)
    __initial_sp                             0x20004a50   Data           0  startup_stm32f10x_md.o(STACK)



==============================================================================

Memory Map of the image

  Image Entry point : 0x080000ed

  Load Region LR_IROM1 (Base: 0x08000000, Size: 0x000064c0, Max: 0x00010000, ABSOLUTE)

    Execution Region ER_IROM1 (Exec base: 0x08000000, Load base: 0x08000000, Size: 0x000063f4, Max: 0x00010000, ABSOLUTE)

    Exec Addr    Load Addr    Size         Type   Attr      Idx    E Section Name        Object

    0x08000000   0x08000000   0x000000ec   Data   RO           19    RESET               startup_stm32f10x_md.o
    0x080000ec   0x080000ec   0x00000000   Code   RO         5084  * .ARM.Collect$$$$00000000  mc_w.l(entry.o)
    0x080000ec   0x080000ec   0x00000004   Code   RO         5387    .ARM.Collect$$$$00000001  mc_w.l(entry2.o)
    0x080000f0   0x080000f0   0x00000004   Code   RO         5390    .ARM.Collect$$$$00000004  mc_w.l(entry5.o)
    0x080000f4   0x080000f4   0x00000000   Code   RO         5392    .ARM.Collect$$$$00000008  mc_w.l(entry7b.o)
    0x080000f4   0x080000f4   0x00000000   Code   RO         5394    .ARM.Collect$$$$0000000A  mc_w.l(entry8b.o)
    0x080000f4   0x080000f4   0x00000008   Code   RO         5395    .ARM.Collect$$$$0000000B  mc_w.l(entry9a.o)
    0x080000fc   0x080000fc   0x00000004   Code   RO         5402    .ARM.Collect$$$$0000000E  mc_w.l(entry12b.o)
    0x08000100   0x08000100   0x00000000   Code   RO         5397    .ARM.Collect$$$$0000000F  mc_w.l(entry10a.o)
    0x08000100   0x08000100   0x00000000   Code   RO         5399    .ARM.Collect$$$$00000011  mc_w.l(entry11a.o)
    0x08000100   0x08000100   0x00000004   Code   RO         5388    .ARM.Collect$$$$00002712  mc_w.l(entry2.o)
    0x08000104   0x08000104   0x00000096   Code   RO         3493    .emb_text           port.o
    0x0800019a   0x0800019a   0x00000002   PAD
    0x0800019c   0x0800019c   0x00000024   Code   RO           20    .text               startup_stm32f10x_md.o
    0x080001c0   0x080001c0   0x000000a8   Code   RO         5091    .text               mc_w.l(mktime.o)
    0x08000268   0x08000268   0x00000394   Code   RO         5094    .text               mc_w.l(strftime.o)
    0x080005fc   0x080005fc   0x00000024   Code   RO         5100    .text               mc_w.l(memcpya.o)
    0x08000620   0x08000620   0x00000024   Code   RO         5102    .text               mc_w.l(memseta.o)
    0x08000644   0x08000644   0x00000024   Code   RO         5104    .text               mc_w.l(strstr.o)
    0x08000668   0x08000668   0x00000018   Code   RO         5106    .text               mc_w.l(strncpy.o)
    0x08000680   0x08000680   0x0000000e   Code   RO         5108    .text               mc_w.l(strlen.o)
    0x0800068e   0x0800068e   0x00000002   PAD
    0x08000690   0x08000690   0x00000038   Code   RO         5375    .text               mc_w.l(__0sscanf.o)
    0x080006c8   0x080006c8   0x000000e0   Code   RO         5377    .text               mc_w.l(_scanf_str.o)
    0x080007a8   0x080007a8   0x0000014e   Code   RO         5379    .text               mf_w.l(dadd.o)
    0x080008f6   0x080008f6   0x000000e4   Code   RO         5381    .text               mf_w.l(dmul.o)
    0x080009da   0x080009da   0x0000002c   Code   RO         5406    .text               mc_w.l(uidiv.o)
    0x08000a06   0x08000a06   0x00000062   Code   RO         5408    .text               mc_w.l(uldiv.o)
    0x08000a68   0x08000a68   0x0000001e   Code   RO         5410    .text               mc_w.l(llshl.o)
    0x08000a86   0x08000a86   0x00000020   Code   RO         5412    .text               mc_w.l(llushr.o)
    0x08000aa6   0x08000aa6   0x00000024   Code   RO         5414    .text               mc_w.l(llsshr.o)
    0x08000aca   0x08000aca   0x00000002   PAD
    0x08000acc   0x08000acc   0x0000000c   Code   RO         5416    .text               mc_w.l(localtime_w.o)
    0x08000ad8   0x08000ad8   0x0000008c   Code   RO         5419    .text               mc_w.l(localtime_i.o)
    0x08000b64   0x08000b64   0x00000028   Code   RO         5422    .text               mc_w.l(scanf_char.o)
    0x08000b8c   0x08000b8c   0x00000040   Code   RO         5424    .text               mc_w.l(_sgetc.o)
    0x08000bcc   0x08000bcc   0x00000000   Code   RO         5426    .text               mc_w.l(iusefp.o)
    0x08000bcc   0x08000bcc   0x000000ba   Code   RO         5427    .text               mf_w.l(depilogue.o)
    0x08000c86   0x08000c86   0x000000de   Code   RO         5429    .text               mf_w.l(ddiv.o)
    0x08000d64   0x08000d64   0x00000030   Code   RO         5431    .text               mf_w.l(dfixul.o)
    0x08000d94   0x08000d94   0x00000030   Code   RO         5433    .text               mf_w.l(cdrcmple.o)
    0x08000dc4   0x08000dc4   0x00000024   Code   RO         5435    .text               mc_w.l(init.o)
    0x08000de8   0x08000de8   0x0000000a   Code   RO         5438    .text               mc_w.l(isspace_c.o)
    0x08000df2   0x08000df2   0x00000002   PAD
    0x08000df4   0x08000df4   0x00000330   Code   RO         5440    .text               mc_w.l(_scanf.o)
    0x08001124   0x08001124   0x00000028   Code   RO         5443    .text               mc_w.l(ctype_c.o)
    0x0800114c   0x0800114c   0x00000016   Code   RO          202    i.ADC_Cmd           stm32f10x_adc.o
    0x08001162   0x08001162   0x00000014   Code   RO          210    i.ADC_GetCalibrationStatus  stm32f10x_adc.o
    0x08001176   0x08001176   0x00000008   Code   RO          211    i.ADC_GetConversionValue  stm32f10x_adc.o
    0x0800117e   0x0800117e   0x00000012   Code   RO          213    i.ADC_GetFlagStatus  stm32f10x_adc.o
    0x08001190   0x08001190   0x00000014   Code   RO          216    i.ADC_GetResetCalibrationStatus  stm32f10x_adc.o
    0x080011a4   0x080011a4   0x00000050   Code   RO          220    i.ADC_Init          stm32f10x_adc.o
    0x080011f4   0x080011f4   0x000000b8   Code   RO          224    i.ADC_RegularChannelConfig  stm32f10x_adc.o
    0x080012ac   0x080012ac   0x0000000a   Code   RO          225    i.ADC_ResetCalibration  stm32f10x_adc.o
    0x080012b6   0x080012b6   0x00000016   Code   RO          227    i.ADC_SoftwareStartConvCmd  stm32f10x_adc.o
    0x080012cc   0x080012cc   0x0000000a   Code   RO          229    i.ADC_StartCalibration  stm32f10x_adc.o
    0x080012d6   0x080012d6   0x00000002   PAD
    0x080012d8   0x080012d8   0x00000034   Code   RO         4785    i.AD_GetValue       adc.o
    0x0800130c   0x0800130c   0x0000006c   Code   RO         4786    i.AD_Init           adc.o
    0x08001378   0x08001378   0x0000001c   Code   RO          431    i.BKP_ReadBackupRegister  stm32f10x_bkp.o
    0x08001394   0x08001394   0x0000001c   Code   RO          435    i.BKP_WriteBackupRegister  stm32f10x_bkp.o
    0x080013b0   0x080013b0   0x00000004   Code   RO         3196    i.BusFault_Handler  stm32f10x_it.o
    0x080013b4   0x080013b4   0x00000024   Code   RO         4728    i.Buzzer_Control    buzzer.o
    0x080013d8   0x080013d8   0x00000038   Code   RO         4729    i.Buzzer_Init       buzzer.o
    0x08001410   0x08001410   0x00000002   Code   RO         3197    i.DebugMon_Handler  stm32f10x_it.o
    0x08001412   0x08001412   0x00000018   Code   RO         4590    i.Delay_Ms          delay.o
    0x0800142a   0x0800142a   0x00000002   PAD
    0x0800142c   0x0800142c   0x0000003c   Code   RO         4592    i.Delay_Us          delay.o
    0x08001468   0x08001468   0x0000004c   Code   RO         4966    i.EXTI9_5_IRQHandler  key.o
    0x080014b4   0x080014b4   0x0000000c   Code   RO          985    i.EXTI_ClearITPendingBit  stm32f10x_exti.o
    0x080014c0   0x080014c0   0x00000028   Code   RO          989    i.EXTI_GetITStatus  stm32f10x_exti.o
    0x080014e8   0x080014e8   0x00000094   Code   RO          990    i.EXTI_Init         stm32f10x_exti.o
    0x0800157c   0x0800157c   0x0000004c   Code   RO         1046    i.FLASH_ErasePage   stm32f10x_flash.o
    0x080015c8   0x080015c8   0x00000034   Code   RO         1047    i.FLASH_GetBank1Status  stm32f10x_flash.o
    0x080015fc   0x080015fc   0x00000014   Code   RO         1056    i.FLASH_Lock        stm32f10x_flash.o
    0x08001610   0x08001610   0x0000006c   Code   RO         1061    i.FLASH_ProgramWord  stm32f10x_flash.o
    0x0800167c   0x0800167c   0x00000018   Code   RO         1064    i.FLASH_Unlock      stm32f10x_flash.o
    0x08001694   0x08001694   0x00000026   Code   RO         1068    i.FLASH_WaitForLastOperation  stm32f10x_flash.o
    0x080016ba   0x080016ba   0x00000002   PAD
    0x080016bc   0x080016bc   0x00000040   Code   RO         1344    i.GPIO_EXTILineConfig  stm32f10x_gpio.o
    0x080016fc   0x080016fc   0x00000116   Code   RO         1347    i.GPIO_Init         stm32f10x_gpio.o
    0x08001812   0x08001812   0x00000002   PAD
    0x08001814   0x08001814   0x000000b8   Code   RO         4473    i.GPIO_InitTXRX     gpio.o
    0x080018cc   0x080018cc   0x00000012   Code   RO         1351    i.GPIO_ReadInputDataBit  stm32f10x_gpio.o
    0x080018de   0x080018de   0x00000004   Code   RO         1354    i.GPIO_ResetBits    stm32f10x_gpio.o
    0x080018e2   0x080018e2   0x00000004   Code   RO         1355    i.GPIO_SetBits      stm32f10x_gpio.o
    0x080018e6   0x080018e6   0x0000000a   Code   RO         1358    i.GPIO_WriteBit     stm32f10x_gpio.o
    0x080018f0   0x080018f0   0x00000004   Code   RO         3198    i.HardFault_Handler  stm32f10x_it.o
    0x080018f4   0x080018f4   0x00000010   Code   RO         1665    i.IWDG_Enable       stm32f10x_iwdg.o
    0x08001904   0x08001904   0x0000001e   Code   RO         4921    i.IWDG_Init         iwdg.o
    0x08001922   0x08001922   0x00000002   PAD
    0x08001924   0x08001924   0x00000010   Code   RO         1667    i.IWDG_ReloadCounter  stm32f10x_iwdg.o
    0x08001934   0x08001934   0x0000000c   Code   RO         1668    i.IWDG_SetPrescaler  stm32f10x_iwdg.o
    0x08001940   0x08001940   0x0000000c   Code   RO         1669    i.IWDG_SetReload    stm32f10x_iwdg.o
    0x0800194c   0x0800194c   0x0000000c   Code   RO         1670    i.IWDG_WriteAccessCmd  stm32f10x_iwdg.o
    0x08001958   0x08001958   0x00000070   Code   RO         4967    i.Key_Init          key.o
    0x080019c8   0x080019c8   0x00000068   Code   RO         4750    i.LED_Control       led.o
    0x08001a30   0x08001a30   0x00000038   Code   RO         4751    i.LED_Init          led.o
    0x08001a68   0x08001a68   0x00000004   Code   RO         3199    i.MemManage_Handler  stm32f10x_it.o
    0x08001a6c   0x08001a6c   0x00000072   Code   RO         4933    i.MyRTC_Init        rtc.o
    0x08001ade   0x08001ade   0x0000000e   Code   RO         4934    i.MyRTC_ReadTime    rtc.o
    0x08001aec   0x08001aec   0x0000004c   Code   RO         4935    i.MyRTC_SetTime     rtc.o
    0x08001b38   0x08001b38   0x00000002   Code   RO         3200    i.NMI_Handler       stm32f10x_it.o
    0x08001b3a   0x08001b3a   0x00000002   PAD
    0x08001b3c   0x08001b3c   0x00000070   Code   RO          137    i.NVIC_Init         misc.o
    0x08001bac   0x08001bac   0x00000014   Code   RO          138    i.NVIC_PriorityGroupConfig  misc.o
    0x08001bc0   0x08001bc0   0x0000002a   Code   RO         4614    i.OLED_Clear        oled.o
    0x08001bea   0x08001bea   0x00000002   PAD
    0x08001bec   0x08001bec   0x00000020   Code   RO         4615    i.OLED_I2C_Init     oled.o
    0x08001c0c   0x08001c0c   0x00000058   Code   RO         4616    i.OLED_I2C_SendByte  oled.o
    0x08001c64   0x08001c64   0x00000030   Code   RO         4617    i.OLED_I2C_Start    oled.o
    0x08001c94   0x08001c94   0x00000028   Code   RO         4618    i.OLED_I2C_Stop     oled.o
    0x08001cbc   0x08001cbc   0x000000ae   Code   RO         4619    i.OLED_Init         oled.o
    0x08001d6a   0x08001d6a   0x00000022   Code   RO         4621    i.OLED_SetCursor    oled.o
    0x08001d8c   0x08001d8c   0x00000074   Code   RO         4623    i.OLED_ShowChar     oled.o
    0x08001e00   0x08001e00   0x00000040   Code   RO         4627    i.OLED_ShowString   oled.o
    0x08001e40   0x08001e40   0x00000034   Code   RO         4629    i.OLED_UpdateDisplay  oled.o
    0x08001e74   0x08001e74   0x00000020   Code   RO         4630    i.OLED_WriteCommand  oled.o
    0x08001e94   0x08001e94   0x00000020   Code   RO         4631    i.OLED_WriteData    oled.o
    0x08001eb4   0x08001eb4   0x0000000c   Code   RO         1710    i.PWR_BackupAccessCmd  stm32f10x_pwr.o
    0x08001ec0   0x08001ec0   0x00000048   Code   RO         4404    i.PrintToEsp01s     usart2.o
    0x08001f08   0x08001f08   0x00000048   Code   RO         4439    i.PrintToHc05       usart3.o
    0x08001f50   0x08001f50   0x00000048   Code   RO         4330    i.PrintToUTools     usart1.o
    0x08001f98   0x08001f98   0x00000018   Code   RO         1773    i.RCC_ADCCLKConfig  stm32f10x_rcc.o
    0x08001fb0   0x08001fb0   0x00000020   Code   RO         1775    i.RCC_APB1PeriphClockCmd  stm32f10x_rcc.o
    0x08001fd0   0x08001fd0   0x00000020   Code   RO         1777    i.RCC_APB2PeriphClockCmd  stm32f10x_rcc.o
    0x08001ff0   0x08001ff0   0x00000014   Code   RO         1781    i.RCC_ClearFlag     stm32f10x_rcc.o
    0x08002004   0x08002004   0x000000d4   Code   RO         1785    i.RCC_GetClocksFreq  stm32f10x_rcc.o
    0x080020d8   0x080020d8   0x0000003c   Code   RO         1786    i.RCC_GetFlagStatus  stm32f10x_rcc.o
    0x08002114   0x08002114   0x00000034   Code   RO         1793    i.RCC_LSEConfig     stm32f10x_rcc.o
    0x08002148   0x08002148   0x0000000c   Code   RO         1800    i.RCC_RTCCLKCmd     stm32f10x_rcc.o
    0x08002154   0x08002154   0x00000010   Code   RO         1801    i.RCC_RTCCLKConfig  stm32f10x_rcc.o
    0x08002164   0x08002164   0x00000014   Code   RO         1978    i.RTC_EnterConfigMode  stm32f10x_rtc.o
    0x08002178   0x08002178   0x00000014   Code   RO         1979    i.RTC_ExitConfigMode  stm32f10x_rtc.o
    0x0800218c   0x0800218c   0x00000014   Code   RO         1980    i.RTC_GetCounter    stm32f10x_rtc.o
    0x080021a0   0x080021a0   0x0000001c   Code   RO         1986    i.RTC_SetCounter    stm32f10x_rtc.o
    0x080021bc   0x080021bc   0x00000020   Code   RO         1987    i.RTC_SetPrescaler  stm32f10x_rtc.o
    0x080021dc   0x080021dc   0x00000014   Code   RO         1988    i.RTC_WaitForLastTask  stm32f10x_rtc.o
    0x080021f0   0x080021f0   0x00000024   Code   RO         1989    i.RTC_WaitForSynchro  stm32f10x_rtc.o
    0x08002214   0x08002214   0x000000a8   Code   RO         4858    i.SPI1_Init         spi.o
    0x080022bc   0x080022bc   0x00000038   Code   RO         4859    i.SPI1_ReadWriteByte  spi.o
    0x080022f4   0x080022f4   0x00000018   Code   RO         2263    i.SPI_Cmd           stm32f10x_spi.o
    0x0800230c   0x0800230c   0x00000012   Code   RO         2271    i.SPI_I2S_GetFlagStatus  stm32f10x_spi.o
    0x0800231e   0x0800231e   0x00000006   Code   RO         2274    i.SPI_I2S_ReceiveData  stm32f10x_spi.o
    0x08002324   0x08002324   0x00000004   Code   RO         2275    i.SPI_I2S_SendData  stm32f10x_spi.o
    0x08002328   0x08002328   0x0000003c   Code   RO         2276    i.SPI_Init          stm32f10x_spi.o
    0x08002364   0x08002364   0x0000001e   Code   RO         2277    i.SPI_NSSInternalSoftwareConfig  stm32f10x_spi.o
    0x08002382   0x08002382   0x00000008   Code   RO           24    i.SetSysClock       system_stm32f10x.o
    0x0800238a   0x0800238a   0x00000002   PAD
    0x0800238c   0x0800238c   0x000000e0   Code   RO           25    i.SetSysClockTo72   system_stm32f10x.o
    0x0800246c   0x0800246c   0x00000034   Code   RO         3494    i.SysTick_Handler   port.o
    0x080024a0   0x080024a0   0x00000060   Code   RO           27    i.SystemInit        system_stm32f10x.o
    0x08002500   0x08002500   0x000000f4   Code   RO         4752    i.TIM2_IRQHandler   led.o
    0x080025f4   0x080025f4   0x00000006   Code   RO         2416    i.TIM_ClearITPendingBit  stm32f10x_tim.o
    0x080025fa   0x080025fa   0x00000018   Code   RO         2421    i.TIM_Cmd           stm32f10x_tim.o
    0x08002612   0x08002612   0x00000022   Code   RO         2442    i.TIM_GetITStatus   stm32f10x_tim.o
    0x08002634   0x08002634   0x00000012   Code   RO         2446    i.TIM_ITConfig      stm32f10x_tim.o
    0x08002646   0x08002646   0x00000066   Code   RO         4753    i.TIM_Init          led.o
    0x080026ac   0x080026ac   0x000000a4   Code   RO         2492    i.TIM_TimeBaseInit  stm32f10x_tim.o
    0x08002750   0x08002750   0x00000034   Code   RO         4331    i.USART1_IRQHandler  usart1.o
    0x08002784   0x08002784   0x00000078   Code   RO         4332    i.USART1_NVIC_Init  usart1.o
    0x080027fc   0x080027fc   0x00000030   Code   RO         4333    i.USART1_SendByte   usart1.o
    0x0800282c   0x0800282c   0x00000050   Code   RO         4405    i.USART2_IRQHandler  usart2.o
    0x0800287c   0x0800287c   0x00000078   Code   RO         4406    i.USART2_NVIC_Init  usart2.o
    0x080028f4   0x080028f4   0x00000030   Code   RO         4407    i.USART2_SendByte   usart2.o
    0x08002924   0x08002924   0x00000034   Code   RO         4440    i.USART3_IRQHandler  usart3.o
    0x08002958   0x08002958   0x00000078   Code   RO         4441    i.USART3_NVIC_Init  usart3.o
    0x080029d0   0x080029d0   0x00000030   Code   RO         4442    i.USART3_SendByte   usart3.o
    0x08002a00   0x08002a00   0x00000018   Code   RO         2960    i.USART_Cmd         stm32f10x_usart.o
    0x08002a18   0x08002a18   0x0000001a   Code   RO         2963    i.USART_GetFlagStatus  stm32f10x_usart.o
    0x08002a32   0x08002a32   0x00000054   Code   RO         2964    i.USART_GetITStatus  stm32f10x_usart.o
    0x08002a86   0x08002a86   0x0000004a   Code   RO         2966    i.USART_ITConfig    stm32f10x_usart.o
    0x08002ad0   0x08002ad0   0x000000d8   Code   RO         2967    i.USART_Init        stm32f10x_usart.o
    0x08002ba8   0x08002ba8   0x0000000a   Code   RO         2974    i.USART_ReceiveData  stm32f10x_usart.o
    0x08002bb2   0x08002bb2   0x00000008   Code   RO         2977    i.USART_SendData    stm32f10x_usart.o
    0x08002bba   0x08002bba   0x00000004   Code   RO         3201    i.UsageFault_Handler  stm32f10x_it.o
    0x08002bbe   0x08002bbe   0x00000002   PAD
    0x08002bc0   0x08002bc0   0x00000014   Code   RO         4860    i.W25Q64_CS_Disable  spi.o
    0x08002bd4   0x08002bd4   0x00000014   Code   RO         4861    i.W25Q64_CS_Enable  spi.o
    0x08002be8   0x08002be8   0x0000003c   Code   RO         4862    i.W25Q64_Erase_Sector  spi.o
    0x08002c24   0x08002c24   0x00000026   Code   RO         4864    i.W25Q64_Wait_Busy  spi.o
    0x08002c4a   0x08002c4a   0x00000044   Code   RO         4865    i.W25Q64_Write      spi.o
    0x08002c8e   0x08002c8e   0x00000028   Code   RO         4866    i.W25Q64_Write_String  spi.o
    0x08002cb6   0x08002cb6   0x00000002   PAD
    0x08002cb8   0x08002cb8   0x00000028   Code   RO         5349    i.__0sprintf        mc_w.l(printfa.o)
    0x08002ce0   0x08002ce0   0x00000024   Code   RO         5353    i.__0vsprintf       mc_w.l(printfa.o)
    0x08002d04   0x08002d04   0x0000000e   Code   RO         5448    i.__scatterload_copy  mc_w.l(handlers.o)
    0x08002d12   0x08002d12   0x00000002   Code   RO         5449    i.__scatterload_null  mc_w.l(handlers.o)
    0x08002d14   0x08002d14   0x0000000e   Code   RO         5450    i.__scatterload_zeroinit  mc_w.l(handlers.o)
    0x08002d22   0x08002d22   0x00000002   PAD
    0x08002d24   0x08002d24   0x00000184   Code   RO         5354    i._fp_digits        mc_w.l(printfa.o)
    0x08002ea8   0x08002ea8   0x000006b4   Code   RO         5355    i._printf_core      mc_w.l(printfa.o)
    0x0800355c   0x0800355c   0x00000024   Code   RO         5356    i._printf_post_padding  mc_w.l(printfa.o)
    0x08003580   0x08003580   0x0000002e   Code   RO         5357    i._printf_pre_padding  mc_w.l(printfa.o)
    0x080035ae   0x080035ae   0x0000000a   Code   RO         5359    i._sputc            mc_w.l(printfa.o)
    0x080035b8   0x080035b8   0x00000018   Code   RO         4811    i.changeFlashFor32  flash.o
    0x080035d0   0x080035d0   0x000000b8   Code   RO         4988    i.control_task      main.o
    0x08003688   0x08003688   0x00000014   Code   RO         4812    i.erasePage         flash.o
    0x0800369c   0x0800369c   0x00000130   Code   RO         4552    i.esp01s_close      esp01s_switch.o
    0x080037cc   0x080037cc   0x00000120   Code   RO         4553    i.esp01s_open       esp01s_switch.o
    0x080038ec   0x080038ec   0x000001d4   Code   RO         4989    i.local_task        main.o
    0x08003ac0   0x08003ac0   0x00000178   Code   RO         4990    i.main              main.o
    0x08003c38   0x08003c38   0x000000cc   Code   RO         3943    i.prvAddCurrentTaskToDelayedList  tasks.o
    0x08003d04   0x08003d04   0x000000f8   Code   RO         3944    i.prvAddNewTaskToReadyList  tasks.o
    0x08003dfc   0x08003dfc   0x00000048   Code   RO         3945    i.prvCheckTasksWaitingTermination  tasks.o
    0x08003e44   0x08003e44   0x0000002a   Code   RO         3564    i.prvCopyDataFromQueue  queue.o
    0x08003e6e   0x08003e6e   0x0000006a   Code   RO         3565    i.prvCopyDataToQueue  queue.o
    0x08003ed8   0x08003ed8   0x00000068   Code   RO         3946    i.prvCreateIdleTasks  tasks.o
    0x08003f40   0x08003f40   0x0000005a   Code   RO         3947    i.prvCreateTask     tasks.o
    0x08003f9a   0x08003f9a   0x00000012   Code   RO         3948    i.prvDeleteTCB      tasks.o
    0x08003fac   0x08003fac   0x0000006c   Code   RO         3384    i.prvHeapInit       heap_4.o
    0x08004018   0x08004018   0x00000028   Code   RO         3949    i.prvIdleTask       tasks.o
    0x08004040   0x08004040   0x0000002e   Code   RO         3566    i.prvInitialiseNewQueue  queue.o
    0x0800406e   0x0800406e   0x00000088   Code   RO         3950    i.prvInitialiseNewTask  tasks.o
    0x080040f6   0x080040f6   0x00000002   PAD
    0x080040f8   0x080040f8   0x00000068   Code   RO         3951    i.prvInitialiseTaskLists  tasks.o
    0x08004160   0x08004160   0x00000068   Code   RO         3385    i.prvInsertBlockIntoFreeList  heap_4.o
    0x080041c8   0x080041c8   0x0000001a   Code   RO         3567    i.prvIsQueueEmpty   queue.o
    0x080041e2   0x080041e2   0x0000001e   Code   RO         3568    i.prvIsQueueFull    queue.o
    0x08004200   0x08004200   0x0000005a   Code   RO         3569    i.prvNotifyQueueSetContainer  queue.o
    0x0800425a   0x0800425a   0x00000002   PAD
    0x0800425c   0x0800425c   0x00000030   Code   RO         3953    i.prvResetNextTaskUnblockTime  tasks.o
    0x0800428c   0x0800428c   0x00000016   Code   RO         3495    i.prvTaskExitError  port.o
    0x080042a2   0x080042a2   0x00000002   PAD
    0x080042a4   0x080042a4   0x00000060   Code   RO         3956    i.prvTaskIsTaskSuspended  tasks.o
    0x08004304   0x08004304   0x00000090   Code   RO         3570    i.prvUnlockQueue    queue.o
    0x08004394   0x08004394   0x00000100   Code   RO         3387    i.pvPortMalloc      heap_4.o
    0x08004494   0x08004494   0x00000024   Code   RO         3496    i.pxPortInitialiseStack  port.o
    0x080044b8   0x080044b8   0x000001a8   Code   RO         4495    i.quick_wifi_check  wifi_connect.o
    0x08004660   0x08004660   0x00000014   Code   RO         4813    i.readFlash         flash.o
    0x08004674   0x08004674   0x00000168   Code   RO         4540    i.tcp_connect       tcp_connect.o
    0x080047dc   0x080047dc   0x000000fc   Code   RO         4573    i.tcp_send_data     tcp_send_data.o
    0x080048d8   0x080048d8   0x00000144   Code   RO         4991    i.upload_task       main.o
    0x08004a1c   0x08004a1c   0x00000028   Code   RO         3457    i.uxListRemove      list.o
    0x08004a44   0x08004a44   0x00000012   Code   RO         3575    i.uxQueueMessagesWaiting  queue.o
    0x08004a56   0x08004a56   0x00000002   PAD
    0x08004a58   0x08004a58   0x0000000c   Code   RO         3960    i.uxTaskGetNumberOfTasks  tasks.o
    0x08004a64   0x08004a64   0x0000001a   Code   RO         3458    i.vListInitialise   list.o
    0x08004a7e   0x08004a7e   0x00000006   Code   RO         3459    i.vListInitialiseItem  list.o
    0x08004a84   0x08004a84   0x00000034   Code   RO         3460    i.vListInsert       list.o
    0x08004ab8   0x08004ab8   0x00000018   Code   RO         3461    i.vListInsertEnd    list.o
    0x08004ad0   0x08004ad0   0x00000024   Code   RO         3498    i.vPortEnterCritical  port.o
    0x08004af4   0x08004af4   0x00000020   Code   RO         3499    i.vPortExitCritical  port.o
    0x08004b14   0x08004b14   0x0000004c   Code   RO         3388    i.vPortFree         heap_4.o
    0x08004b60   0x08004b60   0x00000018   Code   RO         3500    i.vPortSetupTimerInterrupt  port.o
    0x08004b78   0x08004b78   0x00000034   Code   RO         3966    i.vTaskDelay        tasks.o
    0x08004bac   0x08004bac   0x00000018   Code   RO         3971    i.vTaskInternalSetTimeOutState  tasks.o
    0x08004bc4   0x08004bc4   0x0000000c   Code   RO         3973    i.vTaskMissedYield  tasks.o
    0x08004bd0   0x08004bd0   0x00000020   Code   RO         3974    i.vTaskPlaceOnEventList  tasks.o
    0x08004bf0   0x08004bf0   0x000000bc   Code   RO         3979    i.vTaskResume       tasks.o
    0x08004cac   0x08004cac   0x0000004c   Code   RO         3982    i.vTaskStartScheduler  tasks.o
    0x08004cf8   0x08004cf8   0x000000dc   Code   RO         3983    i.vTaskSuspend      tasks.o
    0x08004dd4   0x08004dd4   0x00000010   Code   RO         3984    i.vTaskSuspendAll   tasks.o
    0x08004de4   0x08004de4   0x00000068   Code   RO         3985    i.vTaskSwitchContext  tasks.o
    0x08004e4c   0x08004e4c   0x0000048c   Code   RO         4496    i.wifi_connect      wifi_connect.o
    0x080052d8   0x080052d8   0x00000034   Code   RO         3501    i.xPortStartScheduler  port.o
    0x0800530c   0x0800530c   0x00000026   Code   RO         3580    i.xQueueAddToSet    queue.o
    0x08005332   0x08005332   0x00000014   Code   RO         3581    i.xQueueCreateSet   queue.o
    0x08005346   0x08005346   0x0000004c   Code   RO         3582    i.xQueueGenericCreate  queue.o
    0x08005392   0x08005392   0x00000002   PAD
    0x08005394   0x08005394   0x000000a0   Code   RO         3583    i.xQueueGenericReset  queue.o
    0x08005434   0x08005434   0x00000148   Code   RO         3584    i.xQueueGenericSend  queue.o
    0x0800557c   0x0800557c   0x000000b6   Code   RO         3585    i.xQueueGenericSendFromISR  queue.o
    0x08005632   0x08005632   0x00000002   PAD
    0x08005634   0x08005634   0x00000104   Code   RO         3591    i.xQueueReceive     queue.o
    0x08005738   0x08005738   0x0000008e   Code   RO         3592    i.xQueueReceiveFromISR  queue.o
    0x080057c6   0x080057c6   0x00000018   Code   RO         3594    i.xQueueSelectFromSet  queue.o
    0x080057de   0x080057de   0x00000002   PAD
    0x080057e0   0x080057e0   0x00000060   Code   RO         3987    i.xTaskCheckForTimeOut  tasks.o
    0x08005840   0x08005840   0x00000038   Code   RO         3988    i.xTaskCreate       tasks.o
    0x08005878   0x08005878   0x000001a0   Code   RO         3998    i.xTaskIncrementTick  tasks.o
    0x08005a18   0x08005a18   0x00000118   Code   RO         3999    i.xTaskRemoveFromEventList  tasks.o
    0x08005b30   0x08005b30   0x0000017c   Code   RO         4000    i.xTaskResumeAll    tasks.o
    0x08005cac   0x08005cac   0x00000018   Data   RO         4554    .constdata          esp01s_switch.o
    0x08005cc4   0x08005cc4   0x000005f0   Data   RO         4632    .constdata          oled.o
    0x080062b4   0x080062b4   0x0000000c   Data   RO         5092    .constdata          mc_w.l(mktime.o)
    0x080062c0   0x080062c0   0x00000056   Data   RO         5095    .constdata          mc_w.l(strftime.o)
    0x08006316   0x08006316   0x0000000c   Data   RO         5420    .constdata          mc_w.l(localtime_i.o)
    0x08006322   0x08006322   0x00000040   Data   RO         5444    .constdata          mc_w.l(ctype_c.o)
    0x08006362   0x08006362   0x00000002   PAD
    0x08006364   0x08006364   0x0000006d   Data   RO         4555    .conststring        esp01s_switch.o
    0x080063d1   0x080063d1   0x00000003   PAD
    0x080063d4   0x080063d4   0x00000020   Data   RO         5446    Region$$Table       anon$$obj.o


    Execution Region RW_IRAM1 (Exec base: 0x20000000, Load base: 0x080063f4, Size: 0x00004a50, Max: 0x00005000, ABSOLUTE)

    Exec Addr    Load Addr    Size         Type   Attr      Idx    E Section Name        Object

    0x20000000   0x080063f4   0x00000014   Data   RW         1805    .data               stm32f10x_rcc.o
    0x20000014   0x08006408   0x0000001c   Data   RW         3395    .data               heap_4.o
    0x20000030   0x08006424   0x00000004   Data   RW         3502    .data               port.o
    0x20000034   0x08006428   0x00000040   Data   RW         4003    .data               tasks.o
    0x20000074   0x08006468   0x00000004   Data   RW         4408    .data               usart2.o
    0x20000078   0x0800646c   0x00000008   Data   RW         4556    .data               esp01s_switch.o
    0x20000080   0x08006474   0x00000001   Data   RW         4633    .data               oled.o
    0x20000081   0x08006475   0x00000001   PAD
    0x20000082   0x08006476   0x00000004   Data   RW         4754    .data               led.o
    0x20000086   0x0800647a   0x00000002   PAD
    0x20000088   0x0800647c   0x00000018   Data   RW         4936    .data               rtc.o
    0x200000a0   0x08006494   0x00000004   Data   RW         4968    .data               key.o
    0x200000a4   0x08006498   0x00000028   Data   RW         4992    .data               main.o
    0x200000cc        -       0x00004400   Zero   RW         3394    .bss                heap_4.o
    0x200044cc        -       0x000000c8   Zero   RW         4002    .bss                tasks.o
    0x20004594        -       0x00000028   Zero   RW         4497    .bss                wifi_connect.o
    0x200045bc        -       0x00000064   Zero   RW         4574    .bss                tcp_send_data.o
    0x20004620        -       0x0000002c   Zero   RW         5417    .bss                mc_w.l(localtime_w.o)
    0x2000464c   0x080064c0   0x00000004   PAD
    0x20004650        -       0x00000400   Zero   RW           17    STACK               startup_stm32f10x_md.o


==============================================================================

Image component sizes


      Code (inc. data)   RO Data    RW Data    ZI Data      Debug   Object Name

       160         10          0          0          0        964   adc.o
        92         12          0          0          0       1272   buzzer.o
         0          0          0          0          0       4540   core_cm3.o
         0          0          0          0          0       8416   croutine.o
        84          4          0          0          0        846   delay.o
       592        150        133          8          0       1781   esp01s_switch.o
         0          0          0          0          0      15068   event_groups.o
        64          0          0          0          0       1499   flash.o
       184         10          0          0          0        552   gpio.o
       544         58          0         28      17408       4439   heap_4.o
        30          0          0          0          0        384   iwdg.o
       188         20          0          4          0       1036   key.o
       506         32          0          4          0       2567   led.o
       148          0          0          0          0       2798   list.o
      1352        382          0         40          0       5449   main.o
       132         22          0          0          0     215591   misc.o
       754         32       1520          1          0       6093   oled.o
       404         48          0          4          0       8172   port.o
      1732         14          0          0          0      16739   queue.o
       204          6          0         24          0       2803   rtc.o
       470         30          0          0          0       3890   spi.o
        36          8        236          0       1024        752   startup_stm32f10x_md.o
       394         10          0          0          0      17645   stm32f10x_adc.o
        56         10          0          0          0       1931   stm32f10x_bkp.o
       200         18          0          0          0       3844   stm32f10x_exti.o
       318         32          0          0          0      10502   stm32f10x_flash.o
       378          4          0          0          0      12518   stm32f10x_gpio.o
        20          0          0          0          0       2249   stm32f10x_it.o
        68         30          0          0          0       2042   stm32f10x_iwdg.o
        12          6          0          0          0        426   stm32f10x_pwr.o
       460         64          0         20          0      15380   stm32f10x_rcc.o
       176         34          0          0          0       2927   stm32f10x_rtc.o
       142          0          0          0          0      10634   stm32f10x_spi.o
       246         42          0          0          0      23294   stm32f10x_tim.o
       442          6          0          0          0      11429   stm32f10x_usart.o
       328         28          0          0          0      51741   system_stm32f10x.o
      3124        378          0         64        200      33163   tasks.o
       360        162          0          0          0        918   tcp_connect.o
       252         72          0          0        100        972   tcp_send_data.o
       292         20          0          0          0      16333   usart1.o
       320         24          0          4          0       2085   usart2.o
       292         20          0          0          0       2047   usart3.o
      1588        512          0          0         40       3178   wifi_connect.o

    ----------------------------------------------------------------------
     17180       2310       1924        204      18772     530909   Object Totals
         0          0         32          0          0          0   (incl. Generated)
        36          0          3          3          0          0   (incl. Padding)

    ----------------------------------------------------------------------

      Code (inc. data)   RO Data    RW Data    ZI Data      Debug   Library Member Name

        56          8          0          0          0         84   __0sscanf.o
       816          6          0          0          0        112   _scanf.o
       224          0          0          0          0         96   _scanf_str.o
        64          0          0          0          0         84   _sgetc.o
        40          6         64          0          0         68   ctype_c.o
         0          0          0          0          0          0   entry.o
         0          0          0          0          0          0   entry10a.o
         0          0          0          0          0          0   entry11a.o
         4          0          0          0          0          0   entry12b.o
         8          4          0          0          0          0   entry2.o
         4          0          0          0          0          0   entry5.o
         0          0          0          0          0          0   entry7b.o
         0          0          0          0          0          0   entry8b.o
         8          4          0          0          0          0   entry9a.o
        30          0          0          0          0          0   handlers.o
        36          8          0          0          0         68   init.o
        10          0          0          0          0         68   isspace_c.o
         0          0          0          0          0          0   iusefp.o
        30          0          0          0          0         68   llshl.o
        36          0          0          0          0         68   llsshr.o
        32          0          0          0          0         68   llushr.o
       140          6         12          0          0         76   localtime_i.o
        12          6          0          0         44         68   localtime_w.o
        36          0          0          0          0         68   memcpya.o
        36          0          0          0          0        108   memseta.o
       168         18         12          0          0         80   mktime.o
      2272         92          0          0          0        612   printfa.o
        40          8          0          0          0         84   scanf_char.o
       916        264         86          0          0        144   strftime.o
        14          0          0          0          0         68   strlen.o
        24          0          0          0          0         76   strncpy.o
        36          0          0          0          0         80   strstr.o
        44          0          0          0          0         80   uidiv.o
        98          0          0          0          0         92   uldiv.o
        48          0          0          0          0         68   cdrcmple.o
       334          0          0          0          0        148   dadd.o
       222          0          0          0          0        100   ddiv.o
       186          0          0          0          0        176   depilogue.o
        48          0          0          0          0         68   dfixul.o
       228          0          0          0          0         96   dmul.o

    ----------------------------------------------------------------------
      6308        430        176          0         48       3076   Library Totals
         8          0          2          0          4          0   (incl. Padding)

    ----------------------------------------------------------------------

      Code (inc. data)   RO Data    RW Data    ZI Data      Debug   Library Name

      5234        430        174          0         44       2420   mc_w.l
      1066          0          0          0          0        656   mf_w.l

    ----------------------------------------------------------------------
      6308        430        176          0         48       3076   Library Totals

    ----------------------------------------------------------------------

==============================================================================


      Code (inc. data)   RO Data    RW Data    ZI Data      Debug   

     23488       2740       2100        204      18820     522333   Grand Totals
     23488       2740       2100        204      18820     522333   ELF Image Totals
     23488       2740       2100        204          0          0   ROM Totals

==============================================================================

    Total RO  Size (Code + RO Data)                25588 (  24.99kB)
    Total RW  Size (RW Data + ZI Data)             19024 (  18.58kB)
    Total ROM Size (Code + RO Data + RW Data)      25792 (  25.19kB)

==============================================================================

